******************************************************************************
                  TI ARM Linker PC v18.1.2                     
******************************************************************************
>> Linked Sat Dec  1 15:02:30 2018

OUTPUT FILE NAME:   <FP.out>
ENTRY POINT SYMBOL: "_c_int00_noargs"  address: 000052ad


MEMORY CONFIGURATION

         name            origin    length      used     unused   attr    fill
----------------------  --------  ---------  --------  --------  ----  --------
  FLASH                 00000000   00040000  00005775  0003a88b  R  X
  SRAM                  20000000   00008000  00001725  000068db  RW X


SEGMENT ALLOCATION MAP

run origin  load origin   length   init length attrs members
----------  ----------- ---------- ----------- ----- -------
00000000    00000000    00005780   00005780    r-x
  00000000    00000000    0000026c   0000026c    r-- .intvecs
  0000026c    0000026c    00005340   00005340    r-x .text
  000055b0    000055b0    00000171   00000171    r-- .const
  00005728    00005728    00000058   00000058    r-- .cinit
20000000    20000000    0000172c   00000000    rw-
  20000000    20000000    0000026c   00000000    rw- .vtable
  20000270    20000270    00001000   00000000    rw- .sysmem
  20001270    20001270    00000400   00000000    rw- .stack
  20001670    20001670    00000071   00000000    rw- .bss
  200016e4    200016e4    00000048   00000000    rw- .data


SECTION ALLOCATION MAP

 output                                  attributes/
section   page    origin      length       input sections
--------  ----  ----------  ----------   ----------------
.intvecs   0    00000000    0000026c     
                  00000000    0000026c     tm4c123gh6pm_startup_ccs.obj (.intvecs)

.text      0    0000026c    00005340     
                  0000026c    00000a88     open_interface.obj (.text)
                  00000cf4    00000a5e     rtsv7M4_T_le_v4SPD16_eabi.lib : _printfi.c.obj (.text:__TI_printfi)
                  00001752    00000002                                   : _lock.c.obj (.text:_nop)
                  00001754    000009c0                                   : e_pow.c.obj (.text:pow)
                  00002114    00000458     movement.obj (.text)
                  0000256c    00000448     scan.obj (.text)
                  000029b4    000003a4     uart.obj (.text)
                  00002d58    00000380     main.obj (.text)
                  000030d8    000002ec     lcd.obj (.text)
                  000033c4    00000270     rtsv7M4_T_le_v4SPD16_eabi.lib : _printfi.c.obj (.text:_pconv_a)
                  00003634    00000240     servo.obj (.text)
                  00003874    00000220     ping.obj (.text)
                  00003a94    000001d0     rtsv7M4_T_le_v4SPD16_eabi.lib : _printfi.c.obj (.text:_pconv_g)
                  00003c64    000001b6                                   : fd_add_t2.asm.obj (.text)
                  00003e1a    00000002                                   : div0.asm.obj (.text)
                  00003e1c    00000178     ir.obj (.text)
                  00003f94    00000158     rtsv7M4_T_le_v4SPD16_eabi.lib : e_sqrt.c.obj (.text:sqrt)
                  000040ec    00000158     timer.obj (.text)
                  00004244    0000013c     rtsv7M4_T_le_v4SPD16_eabi.lib : _printfi.c.obj (.text:_pconv_e)
                  00004380    00000136                                   : fd_div_t2.asm.obj (.text)
                  000044b6    00000002     --HOLE-- [fill = 0]
                  000044b8    00000120                                   : _printfi.c.obj (.text:fcvt)
                  000045d8    00000110                                   : s_scalbn.c.obj (.text:scalbn)
                  000046e8    000000fc                                   : fd_mul_t2.asm.obj (.text)
                  000047e4    000000d8                                   : memory.c.obj (.text:free)
                  000048bc    000000b1                                   : _printfi.c.obj (.text:_ltostr)
                  0000496d    00000003     --HOLE-- [fill = 0]
                  00004970    000000ac                                   : s_tanf.c.obj (.text:tanf)
                  00004a1c    000000a4                                   : s_sinf.c.obj (.text:sinf)
                  00004ac0    0000009c                                   : memcpy_t2.asm.obj (.text)
                  00004b5c    00000096                                   : ull_div_t2.asm.obj (.text)
                  00004bf2    00000086                                   : fd_cmp_t2.asm.obj (.text:__aeabi_cdcmple)
                  00004c78    00000086                                   : fd_cmp_t2.asm.obj (.text:__aeabi_cdrcmple)
                  00004cfe    0000007a                                   : memset_t2.asm.obj (.text)
                  00004d78    00000078                                   : memory.c.obj (.text:malloc)
                  00004df0    0000006e                                   : _printfi.c.obj (.text:_mcpy)
                  00004e5e    0000006e                                   : fd_tos_t2.asm.obj (.text)
                  00004ecc    00000068                                   : copy_decompress_lzss.c.obj (.text:decompress:lzss:__TI_decompress_lzss)
                  00004f34    00000064                                   : s_frexp.c.obj (.text:frexp)
                  00004f98    00000056                                   : _printfi.c.obj (.text:_pconv_f)
                  00004fee    00000054                                   : ltoa.c.obj (.text:ltoa)
                  00005042    00000052                                   : _printfi.c.obj (.text:_ecpy)
                  00005094    0000004c                                   : atoi.c.obj (.text:atoi)
                  000050e0    00000048                                   : fd_toi_t2.asm.obj (.text)
                  00005128    00000044                                   : autoinit.c.obj (.text:__TI_auto_init_nobinit_nopinit:__TI_auto_init_nobinit_nopinit)
                  0000516c    00000044                                   : fd_tou_t2.asm.obj (.text)
                  000051b0    00000040                                   : sprintf.c.obj (.text:sprintf)
                  000051f0    00000040                                   : vsnprintf.c.obj (.text:vsnprintf)
                  00005230    0000003e                                   : _printfi.c.obj (.text:_fcpy)
                  0000526e    00000002     --HOLE-- [fill = 0]
                  00005270    0000003c                                   : memory.c.obj (.text:minsert)
                  000052ac    00000038                                   : boot_cortex_m.c.obj (.text:_c_int00_noargs:_c_int00_noargs)
                  000052e4    00000038                                   : memory.c.obj (.text:minit)
                  0000531c    00000038                                   : fs_tod_t2.asm.obj (.text)
                  00005354    00000034     driverlib.lib : interrupt.obj (.text:IntRegister)
                  00005388    00000030     rtsv7M4_T_le_v4SPD16_eabi.lib : vsnprintf.c.obj (.text:_outs)
                  000053b8    0000002e                                   : i_tofd_t2.asm.obj (.text)
                  000053e6    0000002a                                   : memory.c.obj (.text:calloc)
                  00005410    00000028                                   : memory.c.obj (.text:mremove)
                  00005438    00000020                                   : u_tofd_t2.asm.obj (.text)
                  00005458    0000001c                                   : memccpy.c.obj (.text:memccpy)
                  00005474    00000018                                   : vsnprintf.c.obj (.text:_outc)
                  0000548c    00000018                                   : sprintf.c.obj (.text:_outs)
                  000054a4    00000018     open_interface.obj (.text:oi_parseInt)
                  000054bc    00000018     rtsv7M4_T_le_v4SPD16_eabi.lib : strcmp.c.obj (.text:strcmp)
                  000054d4    00000016                                   : strchr.c.obj (.text:strchr)
                  000054ea    00000014                                   : s_copysign.c.obj (.text:copysign)
                  000054fe    00000014                                   : strcpy.c.obj (.text:strcpy)
                  00005512    00000014                                   : strlen.c.obj (.text:strlen)
                  00005526    00000012                                   : copy_zero_init.c.obj (.text:decompress:ZI:__TI_zero_init_nomemset:__TI_zero_init_nomemset)
                  00005538    00000012                                   : wcslen.c.obj (.text:wcslen)
                  0000554a    00000010     driverlib.lib : interrupt.obj (.text:IntMasterEnable)
                  0000555a    00000010     lcd.obj (.text:lcd_clear)
                  0000556a    0000000e     rtsv7M4_T_le_v4SPD16_eabi.lib : copy_decompress_none.c.obj (.text:decompress:none:__TI_decompress_none)
                  00005578    0000000c     driverlib.lib : cpu.obj (.text:CPUcpsie)
                  00005584    0000000c     tm4c123gh6pm_startup_ccs.obj (.text)
                  00005590    0000000a     rtsv7M4_T_le_v4SPD16_eabi.lib : sprintf.c.obj (.text:_outc)
                  0000559a    00000002     --HOLE-- [fill = 0]
                  0000559c    00000008                                   : errno.c.obj (.text:__aeabi_errno_addr)
                  000055a4    00000004                                   : pre_init.c.obj (.text:_system_pre_init)
                  000055a8    00000004                                   : exit.c.obj (.text:abort:abort)

.const     0    000055b0    00000171     
                  000055b0    00000101     rtsv7M4_T_le_v4SPD16_eabi.lib : ctype.c.obj (.const:.string:_ctypes_)
                  000056b1    00000004     lcd.obj (.const:.string:lineAddress$1)
                  000056b5    00000003     --HOLE-- [fill = 0]
                  000056b8    00000030     rtsv7M4_T_le_v4SPD16_eabi.lib : e_pow.c.obj (.const:$O1$$)
                  000056e8    00000013     movement.obj (.const:.string:$P$T0$1)
                  000056fb    00000013     movement.obj (.const:.string:$P$T1$2)
                  0000570e    0000000f     open_interface.obj (.const:.string:$P$T0$3)
                  0000571d    00000004     lcd.obj (.const:.string:lineAddresses$2)

.cinit     0    00005728    00000058     
                  00005728    00000021     (.cinit..data.load) [load image, compression = lzss]
                  00005749    00000003     --HOLE-- [fill = 0]
                  0000574c    0000000c     (__TI_handler_table)
                  00005758    00000008     (.cinit..bss.load) [load image, compression = zero_init]
                  00005760    00000008     (.cinit..vtable.load) [load image, compression = zero_init]
                  00005768    00000018     (__TI_cinit_table)

.init_array 
*          0    00000000    00000000     UNINITIALIZED

.vtable    0    20000000    0000026c     UNINITIALIZED
                  20000000    0000026c     driverlib.lib : interrupt.obj (.vtable)

.sysmem    0    20000270    00001000     UNINITIALIZED
                  20000270    00000008     rtsv7M4_T_le_v4SPD16_eabi.lib : memory.c.obj (.sysmem)
                  20000278    00000ff8     --HOLE--

.stack     0    20001270    00000400     UNINITIALIZED
                  20001270    00000004     rtsv7M4_T_le_v4SPD16_eabi.lib : boot_cortex_m.c.obj (.stack)
                  20001274    000003fc     --HOLE--

.bss       0    20001670    00000071     UNINITIALIZED
                  20001670    00000054     lcd.obj (.bss:lastbuffer$3)
                  200016c4    00000018     open_interface.obj (.bss:firmware$2)
                  200016dc    00000004     (.common:isr_int_value)
                  200016e0    00000001     (.common:cycle)

.data      0    200016e4    00000048     UNINITIALIZED
                  200016e4    00000010     open_interface.obj (.data)
                  200016f4    00000010     ping.obj (.data)
                  20001704    0000000c     rtsv7M4_T_le_v4SPD16_eabi.lib : memory.c.obj (.data:$O1$$)
                  20001710    00000008                                   : _lock.c.obj (.data:$O1$$)
                  20001718    00000008     main.obj (.data)
                  20001720    00000008     servo.obj (.data)
                  20001728    00000004     rtsv7M4_T_le_v4SPD16_eabi.lib : errno.c.obj (.data)

MODULE SUMMARY

       Module                         code    ro data   rw data
       ------                         ----    -------   -------
    .\
       open_interface.obj             2720    15        40     
       movement.obj                   1112    38        0      
       scan.obj                       1096    0         0      
       uart.obj                       932     0         0      
       main.obj                       896     0         8      
       lcd.obj                        764     8         84     
       tm4c123gh6pm_startup_ccs.obj   12      620       0      
       servo.obj                      576     0         8      
       ping.obj                       544     0         17     
       ir.obj                         376     0         4      
       timer.obj                      344     0         0      
    +--+------------------------------+-------+---------+---------+
       Total:                         9372    681       161    
                                                               
    C:/ti/TivaWare_C_Series-2.1.4.178/driverlib/ccs/Debug/driverlib.lib
       interrupt.obj                  68      0         620    
       cpu.obj                        12      0         0      
    +--+------------------------------+-------+---------+---------+
       Total:                         80      0         620    
                                                               
    C:\ti\ccsv8\tools\compiler\ti-cgt-arm_18.1.2.LTS\lib\rtsv7M4_T_le_v4SPD16_eabi.lib
       _printfi.c.obj                 4863    0         0      
       e_pow.c.obj                    2496    48        0      
       memory.c.obj                   534     0         12     
       fd_add_t2.asm.obj              438     0         0      
       e_sqrt.c.obj                   344     0         0      
       fd_div_t2.asm.obj              310     0         0      
       s_scalbn.c.obj                 272     0         0      
       fd_cmp_t2.asm.obj              268     0         0      
       ctype.c.obj                    0       257       0      
       fd_mul_t2.asm.obj              252     0         0      
       s_tanf.c.obj                   172     0         0      
       s_sinf.c.obj                   164     0         0      
       memcpy_t2.asm.obj              156     0         0      
       ull_div_t2.asm.obj             150     0         0      
       vsnprintf.c.obj                136     0         0      
       memset_t2.asm.obj              122     0         0      
       fd_tos_t2.asm.obj              110     0         0      
       copy_decompress_lzss.c.obj     104     0         0      
       s_frexp.c.obj                  100     0         0      
       sprintf.c.obj                  98      0         0      
       ltoa.c.obj                     84      0         0      
       atoi.c.obj                     76      0         0      
       fd_toi_t2.asm.obj              72      0         0      
       autoinit.c.obj                 68      0         0      
       fd_tou_t2.asm.obj              68      0         0      
       boot_cortex_m.c.obj            56      0         0      
       fs_tod_t2.asm.obj              56      0         0      
       i_tofd_t2.asm.obj              46      0         0      
       u_tofd_t2.asm.obj              32      0         0      
       memccpy.c.obj                  28      0         0      
       strcmp.c.obj                   24      0         0      
       strchr.c.obj                   22      0         0      
       s_copysign.c.obj               20      0         0      
       strcpy.c.obj                   20      0         0      
       strlen.c.obj                   20      0         0      
       copy_zero_init.c.obj           18      0         0      
       wcslen.c.obj                   18      0         0      
       copy_decompress_none.c.obj     14      0         0      
       errno.c.obj                    8       0         4      
       _lock.c.obj                    2       0         8      
       exit.c.obj                     4       0         0      
       pre_init.c.obj                 4       0         0      
       div0.asm.obj                   2       0         0      
    +--+------------------------------+-------+---------+---------+
       Total:                         11851   305       24     
                                                               
       Heap:                          0       0         4096   
       Stack:                         0       0         1024   
       Linker Generated:              0       85        0      
    +--+------------------------------+-------+---------+---------+
       Grand Total:                   21303   1071      5925   


LINKER GENERATED COPY TABLES

__TI_cinit_table @ 00005768 records: 3, size/record: 8, table size: 24
	.data: load addr=00005728, load size=00000021 bytes, run addr=200016e4, run size=00000048 bytes, compression=lzss
	.bss: load addr=00005758, load size=00000008 bytes, run addr=20001670, run size=00000071 bytes, compression=zero_init
	.vtable: load addr=00005760, load size=00000008 bytes, run addr=20000000, run size=0000026c bytes, compression=zero_init


LINKER GENERATED HANDLER TABLE

__TI_handler_table @ 0000574c records: 3, size/record: 4, table size: 12
	index: 0, handler: __TI_zero_init
	index: 1, handler: __TI_decompress_lzss
	index: 2, handler: __TI_decompress_none


GLOBAL SYMBOLS: SORTED ALPHABETICALLY BY Name 

address   name                          
-------   ----                          
000055a9  C$$EXIT                       
00005579  CPUcpsie                      
00000b65  GPIOF_Handler                 
0000554b  IntMasterEnable               
00005355  IntRegister                   
2000171c  ManualCtl                     
00005585  ResetISR                      
00003875  TIMER3B_Handler               
20001670  __STACK_END                   
00000400  __STACK_SIZE                  
20001470  __STACK_TOP                   
00001000  __SYSMEM_SIZE                 
00005768  __TI_CINIT_Base               
00005780  __TI_CINIT_Limit              
0000574c  __TI_Handler_Table_Base       
00005758  __TI_Handler_Table_Limit      
00005129  __TI_auto_init_nobinit_nopinit
00004ecd  __TI_decompress_lzss          
0000556b  __TI_decompress_none          
ffffffff  __TI_pprof_out_hndl           
00000cf5  __TI_printfi                  
ffffffff  __TI_prof_data_size           
ffffffff  __TI_prof_data_start          
00000000  __TI_static_base__            
00005527  __TI_zero_init_nomemset       
00004bf3  __aeabi_cdcmpeq               
00004bf3  __aeabi_cdcmple               
00004c79  __aeabi_cdrcmple              
00004e5f  __aeabi_d2f                   
000050e1  __aeabi_d2iz                  
0000516d  __aeabi_d2uiz                 
00003c6f  __aeabi_dadd                  
00004381  __aeabi_ddiv                  
000046e9  __aeabi_dmul                  
00003c65  __aeabi_dsub                  
0000559d  __aeabi_errno_addr            
0000531d  __aeabi_f2d                   
000053b9  __aeabi_i2d                   
00003e1b  __aeabi_idiv0                 
00003e1b  __aeabi_ldiv0                 
00004cff  __aeabi_memclr                
00004cff  __aeabi_memclr4               
00004cff  __aeabi_memclr8               
00004ac1  __aeabi_memcpy                
00004ac1  __aeabi_memcpy4               
00004ac1  __aeabi_memcpy8               
00004d01  __aeabi_memset                
00004d01  __aeabi_memset4               
00004d01  __aeabi_memset8               
00005439  __aeabi_ui2d                  
00004b5d  __aeabi_uldivmod              
ffffffff  __binit__                     
ffffffff  __c_args__                    
UNDEFED   __mpu_init                    
20001270  __stack                       
000052ad  _c_int00_noargs               
000055b0  _ctypes_                      
20001710  _lock                         
00001753  _nop                          
20000270  _sys_memory                   
UNDEFED   _system_post_cinit            
000055a5  _system_pre_init              
20001714  _unlock                       
000055a9  abort                         
00005095  atoi                          
ffffffff  binit                         
000053e7  calloc                        
000054eb  copysign                      
000054eb  copysignl                     
200016e0  cycle                         
200016fc  difference                    
20001718  end                           
20001728  errno                         
200016f8  falling_time                  
000047e5  free                          
00004f35  frexp                         
00004f35  frexpl                        
20000000  g_pfnRAMVectors               
00000000  g_pfnVectors                  
00002d71  getCommand                    
00000b7f  getDegrees                    
00000921  go_charge                     
00003ec1  ir_getDistance                
00003e1d  ir_init                       
00003e95  ir_read                       
200016dc  isr_int_value                 
0000555b  lcd_clear                     
00003271  lcd_gotoLine                  
000030d9  lcd_init                      
000032d7  lcd_printf                    
00003199  lcd_putc                      
000031d1  lcd_puts                      
000031ef  lcd_sendCommand               
0000322d  lcd_sendNibble                
00003299  lcd_setCursorPos              
000045d9  ldexp                         
000045d9  ldexpl                        
000023cb  load_songs                    
00004fef  ltoa                          
00002ef9  main                          
00004d79  malloc                        
00002d59  master_init                   
00005459  memccpy                       
00004ac1  memcpy                        
00004d07  memset                        
000052e5  minit                         
00002311  move_back                     
00002245  move_forward                  
0000026d  oi_alloc                      
00000a4b  oi_checkFirmware              
000002c3  oi_close                      
00000279  oi_free                       
000002ad  oi_init                       
00000289  oi_init_noupdate              
000008b7  oi_loadSong                   
000054a5  oi_parseInt                   
00000327  oi_parsePacket                
0000090d  oi_play_song                  
00000831  oi_setLeds                    
00000875  oi_setWheels                  
00000af3  oi_shutoff_init               
0000092f  oi_uartInit                   
000009d3  oi_uartReceive                
00000a19  oi_uartSendBuff               
000009b7  oi_uartSendChar               
000009fb  oi_uartSendStr                
000002d5  oi_update                     
20001700  overflow                      
20001720  period_length                 
000039b7  ping_getDistance              
000038b5  ping_init                     
00001755  pow                           
00001755  powl                          
20001724  pulse_width                   
200016f4  rising_time                   
000045d9  scalbn                        
000045d9  scalbnl                       
0000256d  scanArea                      
0000395d  send_pulse                    
00003635  servo_init                    
000036e9  servo_move                    
00004a1d  sinf                          
000051b1  sprintf                       
00003f95  sqrt                          
00003f95  sqrtl                         
00002115  statusCheck                   
000054d5  strchr                        
000054bd  strcmp                        
000054ff  strcpy                        
00005513  strlen                        
00004971  tanf                          
000041fd  timer_getClock                
000041b1  timer_startClock              
0000414b  timer_startTimer              
00004203  timer_stopClock               
0000419b  timer_stopTimer               
00004121  timer_waitMicros              
000040ed  timer_waitMillis              
00002357  turn                          
000029b5  uart_init                     
00002a9d  uart_interface                
00002a59  uart_receive                  
00002a3d  uart_sendChar                 
00002a7f  uart_sendStr                  
000051f1  vsnprintf                     
00005539  wcslen                        


GLOBAL SYMBOLS: SORTED BY Symbol Address 

address   name                          
-------   ----                          
00000000  __TI_static_base__            
00000000  g_pfnVectors                  
0000026d  oi_alloc                      
00000279  oi_free                       
00000289  oi_init_noupdate              
000002ad  oi_init                       
000002c3  oi_close                      
000002d5  oi_update                     
00000327  oi_parsePacket                
00000400  __STACK_SIZE                  
00000831  oi_setLeds                    
00000875  oi_setWheels                  
000008b7  oi_loadSong                   
0000090d  oi_play_song                  
00000921  go_charge                     
0000092f  oi_uartInit                   
000009b7  oi_uartSendChar               
000009d3  oi_uartReceive                
000009fb  oi_uartSendStr                
00000a19  oi_uartSendBuff               
00000a4b  oi_checkFirmware              
00000af3  oi_shutoff_init               
00000b65  GPIOF_Handler                 
00000b7f  getDegrees                    
00000cf5  __TI_printfi                  
00001000  __SYSMEM_SIZE                 
00001753  _nop                          
00001755  pow                           
00001755  powl                          
00002115  statusCheck                   
00002245  move_forward                  
00002311  move_back                     
00002357  turn                          
000023cb  load_songs                    
0000256d  scanArea                      
000029b5  uart_init                     
00002a3d  uart_sendChar                 
00002a59  uart_receive                  
00002a7f  uart_sendStr                  
00002a9d  uart_interface                
00002d59  master_init                   
00002d71  getCommand                    
00002ef9  main                          
000030d9  lcd_init                      
00003199  lcd_putc                      
000031d1  lcd_puts                      
000031ef  lcd_sendCommand               
0000322d  lcd_sendNibble                
00003271  lcd_gotoLine                  
00003299  lcd_setCursorPos              
000032d7  lcd_printf                    
00003635  servo_init                    
000036e9  servo_move                    
00003875  TIMER3B_Handler               
000038b5  ping_init                     
0000395d  send_pulse                    
000039b7  ping_getDistance              
00003c65  __aeabi_dsub                  
00003c6f  __aeabi_dadd                  
00003e1b  __aeabi_idiv0                 
00003e1b  __aeabi_ldiv0                 
00003e1d  ir_init                       
00003e95  ir_read                       
00003ec1  ir_getDistance                
00003f95  sqrt                          
00003f95  sqrtl                         
000040ed  timer_waitMillis              
00004121  timer_waitMicros              
0000414b  timer_startTimer              
0000419b  timer_stopTimer               
000041b1  timer_startClock              
000041fd  timer_getClock                
00004203  timer_stopClock               
00004381  __aeabi_ddiv                  
000045d9  ldexp                         
000045d9  ldexpl                        
000045d9  scalbn                        
000045d9  scalbnl                       
000046e9  __aeabi_dmul                  
000047e5  free                          
00004971  tanf                          
00004a1d  sinf                          
00004ac1  __aeabi_memcpy                
00004ac1  __aeabi_memcpy4               
00004ac1  __aeabi_memcpy8               
00004ac1  memcpy                        
00004b5d  __aeabi_uldivmod              
00004bf3  __aeabi_cdcmpeq               
00004bf3  __aeabi_cdcmple               
00004c79  __aeabi_cdrcmple              
00004cff  __aeabi_memclr                
00004cff  __aeabi_memclr4               
00004cff  __aeabi_memclr8               
00004d01  __aeabi_memset                
00004d01  __aeabi_memset4               
00004d01  __aeabi_memset8               
00004d07  memset                        
00004d79  malloc                        
00004e5f  __aeabi_d2f                   
00004ecd  __TI_decompress_lzss          
00004f35  frexp                         
00004f35  frexpl                        
00004fef  ltoa                          
00005095  atoi                          
000050e1  __aeabi_d2iz                  
00005129  __TI_auto_init_nobinit_nopinit
0000516d  __aeabi_d2uiz                 
000051b1  sprintf                       
000051f1  vsnprintf                     
000052ad  _c_int00_noargs               
000052e5  minit                         
0000531d  __aeabi_f2d                   
00005355  IntRegister                   
000053b9  __aeabi_i2d                   
000053e7  calloc                        
00005439  __aeabi_ui2d                  
00005459  memccpy                       
000054a5  oi_parseInt                   
000054bd  strcmp                        
000054d5  strchr                        
000054eb  copysign                      
000054eb  copysignl                     
000054ff  strcpy                        
00005513  strlen                        
00005527  __TI_zero_init_nomemset       
00005539  wcslen                        
0000554b  IntMasterEnable               
0000555b  lcd_clear                     
0000556b  __TI_decompress_none          
00005579  CPUcpsie                      
00005585  ResetISR                      
0000559d  __aeabi_errno_addr            
000055a5  _system_pre_init              
000055a9  C$$EXIT                       
000055a9  abort                         
000055b0  _ctypes_                      
0000574c  __TI_Handler_Table_Base       
00005758  __TI_Handler_Table_Limit      
00005768  __TI_CINIT_Base               
00005780  __TI_CINIT_Limit              
20000000  g_pfnRAMVectors               
20000270  _sys_memory                   
20001270  __stack                       
20001470  __STACK_TOP                   
20001670  __STACK_END                   
200016dc  isr_int_value                 
200016e0  cycle                         
200016f4  rising_time                   
200016f8  falling_time                  
200016fc  difference                    
20001700  overflow                      
20001710  _lock                         
20001714  _unlock                       
20001718  end                           
2000171c  ManualCtl                     
20001720  period_length                 
20001724  pulse_width                   
20001728  errno                         
ffffffff  __TI_pprof_out_hndl           
ffffffff  __TI_prof_data_size           
ffffffff  __TI_prof_data_start          
ffffffff  __binit__                     
ffffffff  __c_args__                    
ffffffff  binit                         
UNDEFED   __mpu_init                    
UNDEFED   _system_post_cinit            

[166 symbols]
