******************************************************************************
                  TI ARM Linker PC v18.1.2                     
******************************************************************************
>> Linked Tue Sep 11 16:19:44 2018

OUTPUT FILE NAME:   <Lab2.out>
ENTRY POINT SYMBOL: "_c_int00_noargs"  address: 000015ed


MEMORY CONFIGURATION

         name            origin    length      used     unused   attr    fill
----------------------  --------  ---------  --------  --------  ----  --------
  FLASH                 00000000   00040000  000017ef  0003e811  R  X
  SRAM                  20000000   00008000  00000ea8  00007158  RW X


SEGMENT ALLOCATION MAP

run origin  load origin   length   init length attrs members
----------  ----------- ---------- ----------- ----- -------
00000000    00000000    000017f0   000017f0    r-x
  00000000    00000000    0000026c   0000026c    r-- .intvecs
  0000026c    0000026c    00001524   00001524    r-x .text
  00001790    00001790    0000000f   0000000f    r-- .const
  000017a0    000017a0    00000050   00000050    r-- .cinit
20000000    20000000    00000eac   00000000    rw-
  20000000    20000000    0000026c   00000000    rw- .vtable
  20000270    20000270    00000800   00000000    rw- .sysmem
  20000a70    20000a70    00000400   00000000    rw- .stack
  20000e70    20000e70    00000024   00000000    rw- .data
  20000e94    20000e94    00000018   00000000    rw- .bss


SECTION ALLOCATION MAP

 output                                  attributes/
section   page    origin      length       input sections
--------  ----  ----------  ----------   ----------------
.intvecs   0    00000000    0000026c     
                  00000000    0000026c     tm4c123gh6pm_startup_ccs.obj (.intvecs)

.text      0    0000026c    00001524     
                  0000026c    00000a88     open_interface.obj (.text)
                  00000cf4    00000210     movement.obj (.text)
                  00000f04    00000158     timer.obj (.text)
                  0000105c    00000136     rtsv7M4_T_le_v4SPD16_eabi.lib : fd_div_t2.asm.obj (.text)
                  00001192    000000fc                                   : fd_mul_t2.asm.obj (.text)
                  0000128e    00000002                                   : _lock.c.obj (.text:_nop)
                  00001290    000000d8                                   : memory.c.obj (.text:free)
                  00001368    0000009c                                   : memcpy_t2.asm.obj (.text)
                  00001404    00000078                                   : memory.c.obj (.text:malloc)
                  0000147c    00000068                                   : copy_decompress_lzss.c.obj (.text:decompress:lzss:__TI_decompress_lzss)
                  000014e4    00000048                                   : fd_toi_t2.asm.obj (.text)
                  0000152c    00000044                                   : autoinit.c.obj (.text:__TI_auto_init_nobinit_nopinit:__TI_auto_init_nobinit_nopinit)
                  00001570    00000040     move.obj (.text)
                  000015b0    0000003c     rtsv7M4_T_le_v4SPD16_eabi.lib : memory.c.obj (.text:minsert)
                  000015ec    00000038                                   : boot_cortex_m.c.obj (.text:_c_int00_noargs:_c_int00_noargs)
                  00001624    00000038                                   : memory.c.obj (.text:minit)
                  0000165c    00000034     driverlib.lib : interrupt.obj (.text:IntRegister)
                  00001690    0000002e     rtsv7M4_T_le_v4SPD16_eabi.lib : i_tofd_t2.asm.obj (.text)
                  000016be    0000002a                                   : memory.c.obj (.text:calloc)
                  000016e8    00000028                                   : memory.c.obj (.text:mremove)
                  00001710    00000018     open_interface.obj (.text:oi_parseInt)
                  00001728    00000018     rtsv7M4_T_le_v4SPD16_eabi.lib : strcmp.c.obj (.text:strcmp)
                  00001740    00000012                                   : copy_zero_init.c.obj (.text:decompress:ZI:__TI_zero_init_nomemset:__TI_zero_init_nomemset)
                  00001752    00000010     driverlib.lib : interrupt.obj (.text:IntMasterEnable)
                  00001762    0000000e     rtsv7M4_T_le_v4SPD16_eabi.lib : copy_decompress_none.c.obj (.text:decompress:none:__TI_decompress_none)
                  00001770    0000000c     driverlib.lib : cpu.obj (.text:CPUcpsie)
                  0000177c    0000000c     tm4c123gh6pm_startup_ccs.obj (.text)
                  00001788    00000004     rtsv7M4_T_le_v4SPD16_eabi.lib : pre_init.c.obj (.text:_system_pre_init)
                  0000178c    00000004                                   : exit.c.obj (.text:abort:abort)

.const     0    00001790    0000000f     
                  00001790    0000000f     open_interface.obj (.const:.string:$P$T0$3)

.cinit     0    000017a0    00000050     
                  000017a0    00000016     (.cinit..data.load) [load image, compression = lzss]
                  000017b6    00000002     --HOLE-- [fill = 0]
                  000017b8    0000000c     (__TI_handler_table)
                  000017c4    00000004     --HOLE-- [fill = 0]
                  000017c8    00000008     (.cinit..bss.load) [load image, compression = zero_init]
                  000017d0    00000008     (.cinit..vtable.load) [load image, compression = zero_init]
                  000017d8    00000018     (__TI_cinit_table)

.init_array 
*          0    00000000    00000000     UNINITIALIZED

.vtable    0    20000000    0000026c     UNINITIALIZED
                  20000000    0000026c     driverlib.lib : interrupt.obj (.vtable)

.sysmem    0    20000270    00000800     UNINITIALIZED
                  20000270    00000008     rtsv7M4_T_le_v4SPD16_eabi.lib : memory.c.obj (.sysmem)
                  20000278    000007f8     --HOLE--

.stack     0    20000a70    00000400     UNINITIALIZED
                  20000a70    00000004     rtsv7M4_T_le_v4SPD16_eabi.lib : boot_cortex_m.c.obj (.stack)
                  20000a74    000003fc     --HOLE--

.data      0    20000e70    00000024     UNINITIALIZED
                  20000e70    00000010     open_interface.obj (.data)
                  20000e80    0000000c     rtsv7M4_T_le_v4SPD16_eabi.lib : memory.c.obj (.data:$O1$$)
                  20000e8c    00000008                                   : _lock.c.obj (.data:$O1$$)

.bss       0    20000e94    00000018     UNINITIALIZED
                  20000e94    00000018     open_interface.obj (.bss:firmware$2)

MODULE SUMMARY

       Module                         code   ro data   rw data
       ------                         ----   -------   -------
    .\
       open_interface.obj             2720   15        40     
       tm4c123gh6pm_startup_ccs.obj   12     620       0      
       movement.obj                   528    0         0      
       timer.obj                      344    0         0      
       move.obj                       64     0         0      
    +--+------------------------------+------+---------+---------+
       Total:                         3668   635       40     
                                                              
    C:/ti/TivaWare_C_Series-2.1.4.178/driverlib/ccs/Debug/driverlib.lib
       interrupt.obj                  68     0         620    
       cpu.obj                        12     0         0      
    +--+------------------------------+------+---------+---------+
       Total:                         80     0         620    
                                                              
    C:\ti\ccsv8\tools\compiler\ti-cgt-arm_18.1.2.LTS\lib\rtsv7M4_T_le_v4SPD16_eabi.lib
       memory.c.obj                   534    0         12     
       fd_div_t2.asm.obj              310    0         0      
       fd_mul_t2.asm.obj              252    0         0      
       memcpy_t2.asm.obj              156    0         0      
       copy_decompress_lzss.c.obj     104    0         0      
       fd_toi_t2.asm.obj              72     0         0      
       autoinit.c.obj                 68     0         0      
       boot_cortex_m.c.obj            56     0         0      
       i_tofd_t2.asm.obj              46     0         0      
       strcmp.c.obj                   24     0         0      
       copy_zero_init.c.obj           18     0         0      
       copy_decompress_none.c.obj     14     0         0      
       _lock.c.obj                    2      0         8      
       exit.c.obj                     4      0         0      
       pre_init.c.obj                 4      0         0      
    +--+------------------------------+------+---------+---------+
       Total:                         1664   0         20     
                                                              
       Heap:                          0      0         2048   
       Stack:                         0      0         1024   
       Linker Generated:              0      74        0      
    +--+------------------------------+------+---------+---------+
       Grand Total:                   5412   709       3752   


LINKER GENERATED COPY TABLES

__TI_cinit_table @ 000017d8 records: 3, size/record: 8, table size: 24
	.data: load addr=000017a0, load size=00000016 bytes, run addr=20000e70, run size=00000024 bytes, compression=lzss
	.bss: load addr=000017c8, load size=00000008 bytes, run addr=20000e94, run size=00000018 bytes, compression=zero_init
	.vtable: load addr=000017d0, load size=00000008 bytes, run addr=20000000, run size=0000026c bytes, compression=zero_init


LINKER GENERATED HANDLER TABLE

__TI_handler_table @ 000017b8 records: 3, size/record: 4, table size: 12
	index: 0, handler: __TI_zero_init
	index: 1, handler: __TI_decompress_lzss
	index: 2, handler: __TI_decompress_none


GLOBAL SYMBOLS: SORTED ALPHABETICALLY BY Name 

address   name                          
-------   ----                          
0000178d  C$$EXIT                       
00001771  CPUcpsie                      
00000b65  GPIOF_Handler                 
00001753  IntMasterEnable               
0000165d  IntRegister                   
0000177d  ResetISR                      
20000e70  __STACK_END                   
00000400  __STACK_SIZE                  
20000c70  __STACK_TOP                   
00000800  __SYSMEM_SIZE                 
000017d8  __TI_CINIT_Base               
000017f0  __TI_CINIT_Limit              
000017b8  __TI_Handler_Table_Base       
000017c4  __TI_Handler_Table_Limit      
0000152d  __TI_auto_init_nobinit_nopinit
0000147d  __TI_decompress_lzss          
00001763  __TI_decompress_none          
ffffffff  __TI_pprof_out_hndl           
ffffffff  __TI_prof_data_size           
ffffffff  __TI_prof_data_start          
00000000  __TI_static_base__            
00001741  __TI_zero_init_nomemset       
000014e5  __aeabi_d2iz                  
0000105d  __aeabi_ddiv                  
00001193  __aeabi_dmul                  
00001691  __aeabi_i2d                   
00001369  __aeabi_memcpy                
00001369  __aeabi_memcpy4               
00001369  __aeabi_memcpy8               
ffffffff  __binit__                     
ffffffff  __c_args__                    
UNDEFED   __mpu_init                    
20000a70  __stack                       
000015ed  _c_int00_noargs               
20000e8c  _lock                         
0000128f  _nop                          
20000270  _sys_memory                   
UNDEFED   _system_post_cinit            
00001789  _system_pre_init              
20000e90  _unlock                       
0000178d  abort                         
ffffffff  binit                         
000016bf  calloc                        
00001291  free                          
20000000  g_pfnRAMVectors               
00000000  g_pfnVectors                  
00000b7f  getDegrees                    
00000921  go_charge                     
00001571  main                          
00001405  malloc                        
00001369  memcpy                        
00001625  minit                         
00000da5  move_backwards                
00000cf5  move_forward                  
00000e63  move_side                     
0000026d  oi_alloc                      
00000a4b  oi_checkFirmware              
000002c3  oi_close                      
00000279  oi_free                       
000002ad  oi_init                       
00000289  oi_init_noupdate              
000008b7  oi_loadSong                   
00001711  oi_parseInt                   
00000327  oi_parsePacket                
0000090d  oi_play_song                  
00000831  oi_setLeds                    
00000875  oi_setWheels                  
00000af3  oi_shutoff_init               
0000092f  oi_uartInit                   
000009d3  oi_uartReceive                
00000a19  oi_uartSendBuff               
000009b7  oi_uartSendChar               
000009fb  oi_uartSendStr                
000002d5  oi_update                     
00001729  strcmp                        
00001015  timer_getClock                
00000fc9  timer_startClock              
00000f63  timer_startTimer              
0000101b  timer_stopClock               
00000fb3  timer_stopTimer               
00000f39  timer_waitMicros              
00000f05  timer_waitMillis              
00000de3  turn_clockwise                
00000e23  turn_counterclockwise         


GLOBAL SYMBOLS: SORTED BY Symbol Address 

address   name                          
-------   ----                          
00000000  __TI_static_base__            
00000000  g_pfnVectors                  
0000026d  oi_alloc                      
00000279  oi_free                       
00000289  oi_init_noupdate              
000002ad  oi_init                       
000002c3  oi_close                      
000002d5  oi_update                     
00000327  oi_parsePacket                
00000400  __STACK_SIZE                  
00000800  __SYSMEM_SIZE                 
00000831  oi_setLeds                    
00000875  oi_setWheels                  
000008b7  oi_loadSong                   
0000090d  oi_play_song                  
00000921  go_charge                     
0000092f  oi_uartInit                   
000009b7  oi_uartSendChar               
000009d3  oi_uartReceive                
000009fb  oi_uartSendStr                
00000a19  oi_uartSendBuff               
00000a4b  oi_checkFirmware              
00000af3  oi_shutoff_init               
00000b65  GPIOF_Handler                 
00000b7f  getDegrees                    
00000cf5  move_forward                  
00000da5  move_backwards                
00000de3  turn_clockwise                
00000e23  turn_counterclockwise         
00000e63  move_side                     
00000f05  timer_waitMillis              
00000f39  timer_waitMicros              
00000f63  timer_startTimer              
00000fb3  timer_stopTimer               
00000fc9  timer_startClock              
00001015  timer_getClock                
0000101b  timer_stopClock               
0000105d  __aeabi_ddiv                  
00001193  __aeabi_dmul                  
0000128f  _nop                          
00001291  free                          
00001369  __aeabi_memcpy                
00001369  __aeabi_memcpy4               
00001369  __aeabi_memcpy8               
00001369  memcpy                        
00001405  malloc                        
0000147d  __TI_decompress_lzss          
000014e5  __aeabi_d2iz                  
0000152d  __TI_auto_init_nobinit_nopinit
00001571  main                          
000015ed  _c_int00_noargs               
00001625  minit                         
0000165d  IntRegister                   
00001691  __aeabi_i2d                   
000016bf  calloc                        
00001711  oi_parseInt                   
00001729  strcmp                        
00001741  __TI_zero_init_nomemset       
00001753  IntMasterEnable               
00001763  __TI_decompress_none          
00001771  CPUcpsie                      
0000177d  ResetISR                      
00001789  _system_pre_init              
0000178d  C$$EXIT                       
0000178d  abort                         
000017b8  __TI_Handler_Table_Base       
000017c4  __TI_Handler_Table_Limit      
000017d8  __TI_CINIT_Base               
000017f0  __TI_CINIT_Limit              
20000000  g_pfnRAMVectors               
20000270  _sys_memory                   
20000a70  __stack                       
20000c70  __STACK_TOP                   
20000e70  __STACK_END                   
20000e8c  _lock                         
20000e90  _unlock                       
ffffffff  __TI_pprof_out_hndl           
ffffffff  __TI_prof_data_size           
ffffffff  __TI_prof_data_start          
ffffffff  __binit__                     
ffffffff  __c_args__                    
ffffffff  binit                         
UNDEFED   __mpu_init                    
UNDEFED   _system_post_cinit            

[84 symbols]
