******************************************************************************
                  TI ARM Linker PC v18.1.2                     
******************************************************************************
>> Linked Wed Sep 19 10:19:01 2018

OUTPUT FILE NAME:   <Lab3better.out>
ENTRY POINT SYMBOL: "_c_int00_noargs"  address: 00002655


MEMORY CONFIGURATION

         name            origin    length      used     unused   attr    fill
----------------------  --------  ---------  --------  --------  ----  --------
  FLASH                 00000000   00040000  00002921  0003d6df  R  X
  SRAM                  20000000   00008000  00000c92  0000736e  RW X


SEGMENT ALLOCATION MAP

run origin  load origin   length   init length attrs members
----------  ----------- ---------- ----------- ----- -------
00000000    00000000    00002928   00002928    r-x
  00000000    00000000    0000026c   0000026c    r-- .intvecs
  0000026c    0000026c    0000257c   0000257c    r-x .text
  000027e8    000027e8    00000109   00000109    r-- .const
  000028f8    000028f8    00000030   00000030    r-- .cinit
20000000    20000000    00000c95   00000000    rw-
  20000000    20000000    00000800   00000000    rw- .sysmem
  20000800    20000800    00000400   00000000    rw- .stack
  20000c00    20000c00    00000089   00000000    rw- .bss
  20000c8c    20000c8c    00000009   00000000    rw- .data


SECTION ALLOCATION MAP

 output                                  attributes/
section   page    origin      length       input sections
--------  ----  ----------  ----------   ----------------
.intvecs   0    00000000    0000026c     
                  00000000    0000026c     tm4c123gh6pm_startup_ccs.obj (.intvecs)

.text      0    0000026c    0000257c     
                  0000026c    00000a5e     rtsv7M4_T_le_v4SPD16_eabi.lib : _printfi.c.obj (.text:__TI_printfi)
                  00000cca    00000002                                   : div0.asm.obj (.text)
                  00000ccc    000002ec     lcd.obj (.text)
                  00000fb8    00000270     rtsv7M4_T_le_v4SPD16_eabi.lib : _printfi.c.obj (.text:_pconv_a)
                  00001228    000001d0                                   : _printfi.c.obj (.text:_pconv_g)
                  000013f8    000001b6                                   : fd_add_t2.asm.obj (.text)
                  000015ae    00000002     --HOLE-- [fill = 0]
                  000015b0    0000015c     libcybotUART.lib : uart.obj (.text)
                  0000170c    00000158     timer.obj (.text)
                  00001864    0000013c     rtsv7M4_T_le_v4SPD16_eabi.lib : _printfi.c.obj (.text:_pconv_e)
                  000019a0    00000136                                   : fd_div_t2.asm.obj (.text)
                  00001ad6    00000002     --HOLE-- [fill = 0]
                  00001ad8    00000120                                   : _printfi.c.obj (.text:fcvt)
                  00001bf8    00000110                                   : s_scalbn.c.obj (.text:scalbn)
                  00001d08    00000100     button.obj (.text)
                  00001e08    000000fc     rtsv7M4_T_le_v4SPD16_eabi.lib : fd_mul_t2.asm.obj (.text)
                  00001f04    000000b1                                   : _printfi.c.obj (.text:_ltostr)
                  00001fb5    00000001     --HOLE-- [fill = 0]
                  00001fb6    0000009c                                   : memcpy_t2.asm.obj (.text)
                  00002052    00000096                                   : ull_div_t2.asm.obj (.text)
                  000020e8    00000086                                   : fd_cmp_t2.asm.obj (.text:__aeabi_cdcmple)
                  0000216e    00000086                                   : fd_cmp_t2.asm.obj (.text:__aeabi_cdrcmple)
                  000021f4    0000007a                                   : memset_t2.asm.obj (.text)
                  0000226e    0000006e                                   : _printfi.c.obj (.text:_mcpy)
                  000022dc    00000068                                   : copy_decompress_lzss.c.obj (.text:decompress:lzss:__TI_decompress_lzss)
                  00002344    00000064                                   : s_frexp.c.obj (.text:frexp)
                  000023a8    00000056                                   : _printfi.c.obj (.text:_pconv_f)
                  000023fe    00000002     --HOLE-- [fill = 0]
                  00002400    00000054     lab3_template.obj (.text)
                  00002454    00000054     rtsv7M4_T_le_v4SPD16_eabi.lib : ltoa.c.obj (.text:ltoa)
                  000024a8    00000052                                   : _printfi.c.obj (.text:_ecpy)
                  000024fa    00000002     --HOLE-- [fill = 0]
                  000024fc    0000004c                                   : atoi.c.obj (.text:atoi)
                  00002548    00000048                                   : fd_toi_t2.asm.obj (.text)
                  00002590    00000044                                   : autoinit.c.obj (.text:__TI_auto_init_nobinit_nopinit:__TI_auto_init_nobinit_nopinit)
                  000025d4    00000040                                   : vsnprintf.c.obj (.text:vsnprintf)
                  00002614    0000003e                                   : _printfi.c.obj (.text:_fcpy)
                  00002652    00000002     --HOLE-- [fill = 0]
                  00002654    00000038                                   : boot_cortex_m.c.obj (.text:_c_int00_noargs:_c_int00_noargs)
                  0000268c    00000030                                   : vsnprintf.c.obj (.text:_outs)
                  000026bc    0000002e                                   : i_tofd_t2.asm.obj (.text)
                  000026ea    0000001c                                   : memccpy.c.obj (.text:memccpy)
                  00002706    00000018                                   : vsnprintf.c.obj (.text:_outc)
                  0000271e    00000018                                   : strcmp.c.obj (.text:strcmp)
                  00002736    00000016                                   : strchr.c.obj (.text:strchr)
                  0000274c    00000014                                   : s_copysign.c.obj (.text:copysign)
                  00002760    00000014                                   : strcpy.c.obj (.text:strcpy)
                  00002774    00000014                                   : strlen.c.obj (.text:strlen)
                  00002788    00000012                                   : copy_zero_init.c.obj (.text:decompress:ZI:__TI_zero_init_nomemset:__TI_zero_init_nomemset)
                  0000279a    00000012                                   : wcslen.c.obj (.text:wcslen)
                  000027ac    00000010     lcd.obj (.text:lcd_clear)
                  000027bc    0000000e     rtsv7M4_T_le_v4SPD16_eabi.lib : copy_decompress_none.c.obj (.text:decompress:none:__TI_decompress_none)
                  000027ca    0000000c     tm4c123gh6pm_startup_ccs.obj (.text)
                  000027d6    00000002     --HOLE-- [fill = 0]
                  000027d8    00000008     rtsv7M4_T_le_v4SPD16_eabi.lib : errno.c.obj (.text:__aeabi_errno_addr)
                  000027e0    00000004                                   : pre_init.c.obj (.text:_system_pre_init)
                  000027e4    00000004                                   : exit.c.obj (.text:abort:abort)

.const     0    000027e8    00000109     
                  000027e8    00000101     rtsv7M4_T_le_v4SPD16_eabi.lib : ctype.c.obj (.const:.string:_ctypes_)
                  000028e9    00000004     lcd.obj (.const:.string:lineAddress$1)
                  000028ed    00000004     lcd.obj (.const:.string:lineAddresses$2)

.cinit     0    000028f8    00000030     
                  000028f8    0000000c     (__TI_handler_table)
                  00002904    00000004     --HOLE-- [fill = 0]
                  00002908    00000008     (.cinit..bss.load) [load image, compression = zero_init]
                  00002910    00000007     (.cinit..data.load) [load image, compression = lzss]
                  00002917    00000001     --HOLE-- [fill = 0]
                  00002918    00000010     (__TI_cinit_table)

.init_array 
*          0    00000000    00000000     UNINITIALIZED

.sysmem    0    20000000    00000800     UNINITIALIZED
                  20000000    00000008     rtsv7M4_T_le_v4SPD16_eabi.lib : memory.c.obj (.sysmem)
                  20000008    000007f8     --HOLE--

.stack     0    20000800    00000400     UNINITIALIZED
                  20000800    00000004     rtsv7M4_T_le_v4SPD16_eabi.lib : boot_cortex_m.c.obj (.stack)
                  20000804    000003fc     --HOLE--

.bss       0    20000c00    00000089     UNINITIALIZED
                  20000c00    00000054     lcd.obj (.bss:lastbuffer$3)
                  20000c54    00000034     (.common:isr_char_buffer)
                  20000c88    00000001     (.common:_prevButton)

.data      0    20000c8c    00000009     UNINITIALIZED
                  20000c8c    00000004     libcybotUART.lib : uart.obj (.data)
                  20000c90    00000004     rtsv7M4_T_le_v4SPD16_eabi.lib : errno.c.obj (.data)
                  20000c94    00000001     button.obj (.data)

MODULE SUMMARY

       Module                         code   ro data   rw data
       ------                         ----   -------   -------
    .\
       lcd.obj                        764    8         84     
       tm4c123gh6pm_startup_ccs.obj   12     620       0      
       timer.obj                      344    0         0      
       button.obj                     256    0         2      
       lab3_template.obj              84     0         0      
    +--+------------------------------+------+---------+---------+
       Total:                         1460   628       86     
                                                              
    ../libcybotUART.lib
       uart.obj                       348    0         56     
    +--+------------------------------+------+---------+---------+
       Total:                         348    0         56     
                                                              
    C:\ti\ccsv8\tools\compiler\ti-cgt-arm_18.1.2.LTS\lib\rtsv7M4_T_le_v4SPD16_eabi.lib
       _printfi.c.obj                 4863   0         0      
       fd_add_t2.asm.obj              438    0         0      
       fd_div_t2.asm.obj              310    0         0      
       s_scalbn.c.obj                 272    0         0      
       fd_cmp_t2.asm.obj              268    0         0      
       ctype.c.obj                    0      257       0      
       fd_mul_t2.asm.obj              252    0         0      
       memcpy_t2.asm.obj              156    0         0      
       ull_div_t2.asm.obj             150    0         0      
       vsnprintf.c.obj                136    0         0      
       memset_t2.asm.obj              122    0         0      
       copy_decompress_lzss.c.obj     104    0         0      
       s_frexp.c.obj                  100    0         0      
       ltoa.c.obj                     84     0         0      
       atoi.c.obj                     76     0         0      
       fd_toi_t2.asm.obj              72     0         0      
       autoinit.c.obj                 68     0         0      
       boot_cortex_m.c.obj            56     0         0      
       i_tofd_t2.asm.obj              46     0         0      
       memccpy.c.obj                  28     0         0      
       strcmp.c.obj                   24     0         0      
       strchr.c.obj                   22     0         0      
       s_copysign.c.obj               20     0         0      
       strcpy.c.obj                   20     0         0      
       strlen.c.obj                   20     0         0      
       copy_zero_init.c.obj           18     0         0      
       wcslen.c.obj                   18     0         0      
       copy_decompress_none.c.obj     14     0         0      
       errno.c.obj                    8      0         4      
       exit.c.obj                     4      0         0      
       pre_init.c.obj                 4      0         0      
       div0.asm.obj                   2      0         0      
    +--+------------------------------+------+---------+---------+
       Total:                         7775   257       4      
                                                              
       Heap:                          0      0         2048   
       Stack:                         0      0         1024   
       Linker Generated:              0      43        0      
    +--+------------------------------+------+---------+---------+
       Grand Total:                   9583   928       3218   


LINKER GENERATED COPY TABLES

__TI_cinit_table @ 00002918 records: 2, size/record: 8, table size: 16
	.bss: load addr=00002908, load size=00000008 bytes, run addr=20000c00, run size=00000089 bytes, compression=zero_init
	.data: load addr=00002910, load size=00000007 bytes, run addr=20000c8c, run size=00000009 bytes, compression=lzss


LINKER GENERATED HANDLER TABLE

__TI_handler_table @ 000028f8 records: 3, size/record: 4, table size: 12
	index: 0, handler: __TI_decompress_lzss
	index: 1, handler: __TI_decompress_none
	index: 2, handler: __TI_zero_init


GLOBAL SYMBOLS: SORTED ALPHABETICALLY BY Name 

address   name                          
-------   ----                          
000027e5  C$$EXIT                       
000027cb  ResetISR                      
20000c00  __STACK_END                   
00000400  __STACK_SIZE                  
20000a00  __STACK_TOP                   
00000800  __SYSMEM_SIZE                 
00002918  __TI_CINIT_Base               
00002928  __TI_CINIT_Limit              
000028f8  __TI_Handler_Table_Base       
00002904  __TI_Handler_Table_Limit      
00002591  __TI_auto_init_nobinit_nopinit
000022dd  __TI_decompress_lzss          
000027bd  __TI_decompress_none          
ffffffff  __TI_pprof_out_hndl           
0000026d  __TI_printfi                  
ffffffff  __TI_prof_data_size           
ffffffff  __TI_prof_data_start          
00000000  __TI_static_base__            
00002789  __TI_zero_init_nomemset       
000020e9  __aeabi_cdcmpeq               
000020e9  __aeabi_cdcmple               
0000216f  __aeabi_cdrcmple              
00002549  __aeabi_d2iz                  
00001403  __aeabi_dadd                  
000019a1  __aeabi_ddiv                  
00001e09  __aeabi_dmul                  
000013f9  __aeabi_dsub                  
000027d9  __aeabi_errno_addr            
000026bd  __aeabi_i2d                   
00000ccb  __aeabi_idiv0                 
00000ccb  __aeabi_ldiv0                 
000021f5  __aeabi_memclr                
000021f5  __aeabi_memclr4               
000021f5  __aeabi_memclr8               
00001fb7  __aeabi_memcpy                
00001fb7  __aeabi_memcpy4               
00001fb7  __aeabi_memcpy8               
000021f7  __aeabi_memset                
000021f7  __aeabi_memset4               
000021f7  __aeabi_memset8               
00002053  __aeabi_uldivmod              
ffffffff  __binit__                     
ffffffff  __c_args__                    
UNDEFED   __mpu_init                    
20000800  __stack                       
00002655  _c_int00_noargs               
000027e8  _ctypes_                      
20000c88  _prevButton                   
20000000  _sys_memory                   
UNDEFED   _system_post_cinit            
000027e1  _system_pre_init              
000027e5  abort                         
000024fd  atoi                          
ffffffff  binit                         
00001d35  button_checkButtons           
00001d3f  button_getButton              
00001d9d  button_getButtonBlocking      
00001db1  button_getButtonChange        
00001ddb  button_getButtonChangeBlocking
00001d09  button_init                   
0000274d  copysign                      
0000274d  copysignl                     
000016b9  cyBot_UART1_Handler           
0000169f  cyBot_getByte                 
000015b1  cyBot_sendByte                
00001681  cyBot_uart_flush              
000015ef  cyBot_uart_init               
000015d7  cyBot_uart_sendBuffer         
000015bd  cyBot_uart_sendStr            
20000c90  errno                         
00002345  frexp                         
00002345  frexpl                        
00000000  g_pfnVectors                  
20000c54  isr_char_buffer               
20000c8c  isr_counter                   
000027ad  lcd_clear                     
00000e65  lcd_gotoLine                  
00000ccd  lcd_init                      
00000ecb  lcd_printf                    
00000d8d  lcd_putc                      
00000dc5  lcd_puts                      
00000de3  lcd_sendCommand               
00000e21  lcd_sendNibble                
00000e8d  lcd_setCursorPos              
00001bf9  ldexp                         
00001bf9  ldexpl                        
00002455  ltoa                          
00002401  main                          
000026eb  memccpy                       
00001fb7  memcpy                        
000021fd  memset                        
00001bf9  scalbn                        
00001bf9  scalbnl                       
00002737  strchr                        
0000271f  strcmp                        
00002761  strcpy                        
00002775  strlen                        
0000181d  timer_getClock                
000017d1  timer_startClock              
0000176b  timer_startTimer              
00001823  timer_stopClock               
000017bb  timer_stopTimer               
00001741  timer_waitMicros              
0000170d  timer_waitMillis              
000025d5  vsnprintf                     
0000279b  wcslen                        


GLOBAL SYMBOLS: SORTED BY Symbol Address 

address   name                          
-------   ----                          
00000000  __TI_static_base__            
00000000  g_pfnVectors                  
0000026d  __TI_printfi                  
00000400  __STACK_SIZE                  
00000800  __SYSMEM_SIZE                 
00000ccb  __aeabi_idiv0                 
00000ccb  __aeabi_ldiv0                 
00000ccd  lcd_init                      
00000d8d  lcd_putc                      
00000dc5  lcd_puts                      
00000de3  lcd_sendCommand               
00000e21  lcd_sendNibble                
00000e65  lcd_gotoLine                  
00000e8d  lcd_setCursorPos              
00000ecb  lcd_printf                    
000013f9  __aeabi_dsub                  
00001403  __aeabi_dadd                  
000015b1  cyBot_sendByte                
000015bd  cyBot_uart_sendStr            
000015d7  cyBot_uart_sendBuffer         
000015ef  cyBot_uart_init               
00001681  cyBot_uart_flush              
0000169f  cyBot_getByte                 
000016b9  cyBot_UART1_Handler           
0000170d  timer_waitMillis              
00001741  timer_waitMicros              
0000176b  timer_startTimer              
000017bb  timer_stopTimer               
000017d1  timer_startClock              
0000181d  timer_getClock                
00001823  timer_stopClock               
000019a1  __aeabi_ddiv                  
00001bf9  ldexp                         
00001bf9  ldexpl                        
00001bf9  scalbn                        
00001bf9  scalbnl                       
00001d09  button_init                   
00001d35  button_checkButtons           
00001d3f  button_getButton              
00001d9d  button_getButtonBlocking      
00001db1  button_getButtonChange        
00001ddb  button_getButtonChangeBlocking
00001e09  __aeabi_dmul                  
00001fb7  __aeabi_memcpy                
00001fb7  __aeabi_memcpy4               
00001fb7  __aeabi_memcpy8               
00001fb7  memcpy                        
00002053  __aeabi_uldivmod              
000020e9  __aeabi_cdcmpeq               
000020e9  __aeabi_cdcmple               
0000216f  __aeabi_cdrcmple              
000021f5  __aeabi_memclr                
000021f5  __aeabi_memclr4               
000021f5  __aeabi_memclr8               
000021f7  __aeabi_memset                
000021f7  __aeabi_memset4               
000021f7  __aeabi_memset8               
000021fd  memset                        
000022dd  __TI_decompress_lzss          
00002345  frexp                         
00002345  frexpl                        
00002401  main                          
00002455  ltoa                          
000024fd  atoi                          
00002549  __aeabi_d2iz                  
00002591  __TI_auto_init_nobinit_nopinit
000025d5  vsnprintf                     
00002655  _c_int00_noargs               
000026bd  __aeabi_i2d                   
000026eb  memccpy                       
0000271f  strcmp                        
00002737  strchr                        
0000274d  copysign                      
0000274d  copysignl                     
00002761  strcpy                        
00002775  strlen                        
00002789  __TI_zero_init_nomemset       
0000279b  wcslen                        
000027ad  lcd_clear                     
000027bd  __TI_decompress_none          
000027cb  ResetISR                      
000027d9  __aeabi_errno_addr            
000027e1  _system_pre_init              
000027e5  C$$EXIT                       
000027e5  abort                         
000027e8  _ctypes_                      
000028f8  __TI_Handler_Table_Base       
00002904  __TI_Handler_Table_Limit      
00002918  __TI_CINIT_Base               
00002928  __TI_CINIT_Limit              
20000000  _sys_memory                   
20000800  __stack                       
20000a00  __STACK_TOP                   
20000c00  __STACK_END                   
20000c54  isr_char_buffer               
20000c88  _prevButton                   
20000c8c  isr_counter                   
20000c90  errno                         
ffffffff  __TI_pprof_out_hndl           
ffffffff  __TI_prof_data_size           
ffffffff  __TI_prof_data_start          
ffffffff  __binit__                     
ffffffff  __c_args__                    
ffffffff  binit                         
UNDEFED   __mpu_init                    
UNDEFED   _system_post_cinit            

[106 symbols]
