******************************************************************************
                  TI ARM Linker PC v18.1.2                     
******************************************************************************
>> Linked Fri Sep 21 14:04:18 2018

OUTPUT FILE NAME:   <Lab4.out>
ENTRY POINT SYMBOL: "_c_int00_noargs"  address: 00002801


MEMORY CONFIGURATION

         name            origin    length      used     unused   attr    fill
----------------------  --------  ---------  --------  --------  ----  --------
  FLASH                 00000000   00040000  00002b3d  0003d4c3  R  X
  SRAM                  20000000   00008000  00000edb  00007125  RW X


SEGMENT ALLOCATION MAP

run origin  load origin   length   init length attrs members
----------  ----------- ---------- ----------- ----- -------
00000000    00000000    00002b40   00002b40    r-x
  00000000    00000000    0000026c   0000026c    r-- .intvecs
  0000026c    0000026c    00002778   00002778    r-x .text
  000029e4    000029e4    00000109   00000109    r-- .const
  00002af0    00002af0    00000050   00000050    r-- .cinit
20000000    20000000    00000ee1   00000000    rw-
  20000000    20000000    0000026c   00000000    rw- .vtable
  20000270    20000270    00000800   00000000    rw- .sysmem
  20000a70    20000a70    00000400   00000000    rw- .stack
  20000e70    20000e70    00000056   00000000    rw- .bss
  20000ec8    20000ec8    00000019   00000000    rw- .data


SECTION ALLOCATION MAP

 output                                  attributes/
section   page    origin      length       input sections
--------  ----  ----------  ----------   ----------------
.intvecs   0    00000000    0000026c     
                  00000000    0000026c     tm4c123gh6pm_startup_ccs.obj (.intvecs)

.text      0    0000026c    00002778     
                  0000026c    00000a5e     rtsv7M4_T_le_v4SPD16_eabi.lib : _printfi.c.obj (.text:__TI_printfi)
                  00000cca    00000002                                   : div0.asm.obj (.text)
                  00000ccc    00000360     clock_intr.obj (.text)
                  0000102c    000002ec     lcd.obj (.text)
                  00001318    00000270     rtsv7M4_T_le_v4SPD16_eabi.lib : _printfi.c.obj (.text:_pconv_a)
                  00001588    000001d0                                   : _printfi.c.obj (.text:_pconv_g)
                  00001758    000001b6                                   : fd_add_t2.asm.obj (.text)
                  0000190e    00000002     --HOLE-- [fill = 0]
                  00001910    00000158     timer.obj (.text)
                  00001a68    0000013c     rtsv7M4_T_le_v4SPD16_eabi.lib : _printfi.c.obj (.text:_pconv_e)
                  00001ba4    00000136                                   : fd_div_t2.asm.obj (.text)
                  00001cda    00000002     --HOLE-- [fill = 0]
                  00001cdc    00000120                                   : _printfi.c.obj (.text:fcvt)
                  00001dfc    00000110                                   : s_scalbn.c.obj (.text:scalbn)
                  00001f0c    00000100     button.obj (.text)
                  0000200c    000000fc     rtsv7M4_T_le_v4SPD16_eabi.lib : fd_mul_t2.asm.obj (.text)
                  00002108    000000b1                                   : _printfi.c.obj (.text:_ltostr)
                  000021b9    00000001     --HOLE-- [fill = 0]
                  000021ba    0000009c                                   : memcpy_t2.asm.obj (.text)
                  00002256    00000096                                   : ull_div_t2.asm.obj (.text)
                  000022ec    00000086                                   : fd_cmp_t2.asm.obj (.text:__aeabi_cdcmple)
                  00002372    00000086                                   : fd_cmp_t2.asm.obj (.text:__aeabi_cdrcmple)
                  000023f8    0000007a                                   : memset_t2.asm.obj (.text)
                  00002472    0000006e                                   : _printfi.c.obj (.text:_mcpy)
                  000024e0    00000068                                   : copy_decompress_lzss.c.obj (.text:decompress:lzss:__TI_decompress_lzss)
                  00002548    00000064                                   : s_frexp.c.obj (.text:frexp)
                  000025ac    00000056                                   : _printfi.c.obj (.text:_pconv_f)
                  00002602    00000054                                   : ltoa.c.obj (.text:ltoa)
                  00002656    00000052                                   : _printfi.c.obj (.text:_ecpy)
                  000026a8    0000004c                                   : atoi.c.obj (.text:atoi)
                  000026f4    00000048                                   : fd_toi_t2.asm.obj (.text)
                  0000273c    00000044                                   : autoinit.c.obj (.text:__TI_auto_init_nobinit_nopinit:__TI_auto_init_nobinit_nopinit)
                  00002780    00000040                                   : vsnprintf.c.obj (.text:vsnprintf)
                  000027c0    0000003e                                   : _printfi.c.obj (.text:_fcpy)
                  000027fe    00000002     --HOLE-- [fill = 0]
                  00002800    00000038                                   : boot_cortex_m.c.obj (.text:_c_int00_noargs:_c_int00_noargs)
                  00002838    00000034     driverlib.lib : interrupt.obj (.text:IntRegister)
                  0000286c    00000030     rtsv7M4_T_le_v4SPD16_eabi.lib : vsnprintf.c.obj (.text:_outs)
                  0000289c    0000002e                                   : i_tofd_t2.asm.obj (.text)
                  000028ca    0000001c                                   : memccpy.c.obj (.text:memccpy)
                  000028e6    00000018                                   : vsnprintf.c.obj (.text:_outc)
                  000028fe    00000018                                   : strcmp.c.obj (.text:strcmp)
                  00002916    00000016                                   : strchr.c.obj (.text:strchr)
                  0000292c    00000014                                   : s_copysign.c.obj (.text:copysign)
                  00002940    00000014                                   : strcpy.c.obj (.text:strcpy)
                  00002954    00000014                                   : strlen.c.obj (.text:strlen)
                  00002968    00000012                                   : copy_zero_init.c.obj (.text:decompress:ZI:__TI_zero_init_nomemset:__TI_zero_init_nomemset)
                  0000297a    00000012                                   : wcslen.c.obj (.text:wcslen)
                  0000298c    00000010     driverlib.lib : interrupt.obj (.text:IntMasterEnable)
                  0000299c    00000010     lcd.obj (.text:lcd_clear)
                  000029ac    0000000e     rtsv7M4_T_le_v4SPD16_eabi.lib : copy_decompress_none.c.obj (.text:decompress:none:__TI_decompress_none)
                  000029ba    0000000c     driverlib.lib : cpu.obj (.text:CPUcpsie)
                  000029c6    0000000c     tm4c123gh6pm_startup_ccs.obj (.text)
                  000029d2    00000002     --HOLE-- [fill = 0]
                  000029d4    00000008     rtsv7M4_T_le_v4SPD16_eabi.lib : errno.c.obj (.text:__aeabi_errno_addr)
                  000029dc    00000004                                   : pre_init.c.obj (.text:_system_pre_init)
                  000029e0    00000004                                   : exit.c.obj (.text:abort:abort)

.const     0    000029e4    00000109     
                  000029e4    00000101     rtsv7M4_T_le_v4SPD16_eabi.lib : ctype.c.obj (.const:.string:_ctypes_)
                  00002ae5    00000004     lcd.obj (.const:.string:lineAddress$1)
                  00002ae9    00000004     lcd.obj (.const:.string:lineAddresses$2)

.cinit     0    00002af0    00000050     
                  00002af0    00000016     (.cinit..data.load) [load image, compression = lzss]
                  00002b06    00000002     --HOLE-- [fill = 0]
                  00002b08    0000000c     (__TI_handler_table)
                  00002b14    00000004     --HOLE-- [fill = 0]
                  00002b18    00000008     (.cinit..bss.load) [load image, compression = zero_init]
                  00002b20    00000008     (.cinit..vtable.load) [load image, compression = zero_init]
                  00002b28    00000018     (__TI_cinit_table)

.init_array 
*          0    00000000    00000000     UNINITIALIZED

.vtable    0    20000000    0000026c     UNINITIALIZED
                  20000000    0000026c     driverlib.lib : interrupt.obj (.vtable)

.sysmem    0    20000270    00000800     UNINITIALIZED
                  20000270    00000008     rtsv7M4_T_le_v4SPD16_eabi.lib : memory.c.obj (.sysmem)
                  20000278    000007f8     --HOLE--

.stack     0    20000a70    00000400     UNINITIALIZED
                  20000a70    00000004     rtsv7M4_T_le_v4SPD16_eabi.lib : boot_cortex_m.c.obj (.stack)
                  20000a74    000003fc     --HOLE--

.bss       0    20000e70    00000056     UNINITIALIZED
                  20000e70    00000054     lcd.obj (.bss:lastbuffer$3)
                  20000ec4    00000001     (.common:_prevButton)
                  20000ec5    00000001     (.common:x)

.data      0    20000ec8    00000019     UNINITIALIZED
                  20000ec8    00000014     clock_intr.obj (.data)
                  20000edc    00000004     rtsv7M4_T_le_v4SPD16_eabi.lib : errno.c.obj (.data)
                  20000ee0    00000001     button.obj (.data)

MODULE SUMMARY

       Module                         code    ro data   rw data
       ------                         ----    -------   -------
    .\
       clock_intr.obj                 864     0         21     
       lcd.obj                        764     8         84     
       tm4c123gh6pm_startup_ccs.obj   12      620       0      
       timer.obj                      344     0         0      
       button.obj                     256     0         2      
    +--+------------------------------+-------+---------+---------+
       Total:                         2240    628       107    
                                                               
    C:/ti/TivaWare_C_Series-2.1.4.178/driverlib/ccs/Debug/driverlib.lib
       interrupt.obj                  68      0         620    
       cpu.obj                        12      0         0      
    +--+------------------------------+-------+---------+---------+
       Total:                         80      0         620    
                                                               
    C:\ti\ccsv8\tools\compiler\ti-cgt-arm_18.1.2.LTS\lib\rtsv7M4_T_le_v4SPD16_eabi.lib
       _printfi.c.obj                 4863    0         0      
       fd_add_t2.asm.obj              438     0         0      
       fd_div_t2.asm.obj              310     0         0      
       s_scalbn.c.obj                 272     0         0      
       fd_cmp_t2.asm.obj              268     0         0      
       ctype.c.obj                    0       257       0      
       fd_mul_t2.asm.obj              252     0         0      
       memcpy_t2.asm.obj              156     0         0      
       ull_div_t2.asm.obj             150     0         0      
       vsnprintf.c.obj                136     0         0      
       memset_t2.asm.obj              122     0         0      
       copy_decompress_lzss.c.obj     104     0         0      
       s_frexp.c.obj                  100     0         0      
       ltoa.c.obj                     84      0         0      
       atoi.c.obj                     76      0         0      
       fd_toi_t2.asm.obj              72      0         0      
       autoinit.c.obj                 68      0         0      
       boot_cortex_m.c.obj            56      0         0      
       i_tofd_t2.asm.obj              46      0         0      
       memccpy.c.obj                  28      0         0      
       strcmp.c.obj                   24      0         0      
       strchr.c.obj                   22      0         0      
       s_copysign.c.obj               20      0         0      
       strcpy.c.obj                   20      0         0      
       strlen.c.obj                   20      0         0      
       copy_zero_init.c.obj           18      0         0      
       wcslen.c.obj                   18      0         0      
       copy_decompress_none.c.obj     14      0         0      
       errno.c.obj                    8       0         4      
       exit.c.obj                     4       0         0      
       pre_init.c.obj                 4       0         0      
       div0.asm.obj                   2       0         0      
    +--+------------------------------+-------+---------+---------+
       Total:                         7775    257       4      
                                                               
       Heap:                          0       0         2048   
       Stack:                         0       0         1024   
       Linker Generated:              0       74        0      
    +--+------------------------------+-------+---------+---------+
       Grand Total:                   10095   959       3803   


LINKER GENERATED COPY TABLES

__TI_cinit_table @ 00002b28 records: 3, size/record: 8, table size: 24
	.data: load addr=00002af0, load size=00000016 bytes, run addr=20000ec8, run size=00000019 bytes, compression=lzss
	.bss: load addr=00002b18, load size=00000008 bytes, run addr=20000e70, run size=00000056 bytes, compression=zero_init
	.vtable: load addr=00002b20, load size=00000008 bytes, run addr=20000000, run size=0000026c bytes, compression=zero_init


LINKER GENERATED HANDLER TABLE

__TI_handler_table @ 00002b08 records: 3, size/record: 4, table size: 12
	index: 0, handler: __TI_zero_init
	index: 1, handler: __TI_decompress_lzss
	index: 2, handler: __TI_decompress_none


GLOBAL SYMBOLS: SORTED ALPHABETICALLY BY Name 

address   name                          
-------   ----                          
000029e1  C$$EXIT                       
000029bb  CPUcpsie                      
0000298d  IntMasterEnable               
00002839  IntRegister                   
000029c7  ResetISR                      
00000ccd  TIMER4A_Handler               
00000d17  TIMER4B_Handler               
20000e70  __STACK_END                   
00000400  __STACK_SIZE                  
20000c70  __STACK_TOP                   
00000800  __SYSMEM_SIZE                 
00002b28  __TI_CINIT_Base               
00002b40  __TI_CINIT_Limit              
00002b08  __TI_Handler_Table_Base       
00002b14  __TI_Handler_Table_Limit      
0000273d  __TI_auto_init_nobinit_nopinit
000024e1  __TI_decompress_lzss          
000029ad  __TI_decompress_none          
ffffffff  __TI_pprof_out_hndl           
0000026d  __TI_printfi                  
ffffffff  __TI_prof_data_size           
ffffffff  __TI_prof_data_start          
00000000  __TI_static_base__            
00002969  __TI_zero_init_nomemset       
000022ed  __aeabi_cdcmpeq               
000022ed  __aeabi_cdcmple               
00002373  __aeabi_cdrcmple              
000026f5  __aeabi_d2iz                  
00001763  __aeabi_dadd                  
00001ba5  __aeabi_ddiv                  
0000200d  __aeabi_dmul                  
00001759  __aeabi_dsub                  
000029d5  __aeabi_errno_addr            
0000289d  __aeabi_i2d                   
00000ccb  __aeabi_idiv0                 
00000ccb  __aeabi_ldiv0                 
000023f9  __aeabi_memclr                
000023f9  __aeabi_memclr4               
000023f9  __aeabi_memclr8               
000021bb  __aeabi_memcpy                
000021bb  __aeabi_memcpy4               
000021bb  __aeabi_memcpy8               
000023fb  __aeabi_memset                
000023fb  __aeabi_memset4               
000023fb  __aeabi_memset8               
00002257  __aeabi_uldivmod              
ffffffff  __binit__                     
ffffffff  __c_args__                    
UNDEFED   __mpu_init                    
20000a70  __stack                       
00002801  _c_int00_noargs               
000029e4  _ctypes_                      
20000ec4  _prevButton                   
20000270  _sys_memory                   
UNDEFED   _system_post_cinit            
000029dd  _system_pre_init              
000029e1  abort                         
000026a9  atoi                          
ffffffff  binit                         
00001f39  button_checkButtons           
00001f43  button_getButton              
00001fa1  button_getButtonBlocking      
00001fb5  button_getButtonChange        
00001fdf  button_getButtonChangeBlocking
00001f0d  button_init                   
00000f19  clock_timer_init              
0000292d  copysign                      
0000292d  copysignl                     
20000ed8  count                         
20000edc  errno                         
00002549  frexp                         
00002549  frexpl                        
20000000  g_pfnRAMVectors               
00000000  g_pfnVectors                  
20000ec8  hours                         
20000ed4  isMilitary                    
0000299d  lcd_clear                     
000011c5  lcd_gotoLine                  
0000102d  lcd_init                      
0000122b  lcd_printf                    
000010ed  lcd_putc                      
00001125  lcd_puts                      
00001143  lcd_sendCommand               
00001181  lcd_sendNibble                
000011ed  lcd_setCursorPos              
00001dfd  ldexp                         
00001dfd  ldexpl                        
00002603  ltoa                          
00000fa9  main                          
000028cb  memccpy                       
000021bb  memcpy                        
00002401  memset                        
20000ecc  minutes                       
00001dfd  scalbn                        
00001dfd  scalbnl                       
20000ed0  seconds                       
00002917  strchr                        
000028ff  strcmp                        
00002941  strcpy                        
00002955  strlen                        
00001a21  timer_getClock                
000019d5  timer_startClock              
0000196f  timer_startTimer              
00001a27  timer_stopClock               
000019bf  timer_stopTimer               
00001945  timer_waitMicros              
00001911  timer_waitMillis              
00002781  vsnprintf                     
0000297b  wcslen                        
20000ec5  x                             


GLOBAL SYMBOLS: SORTED BY Symbol Address 

address   name                          
-------   ----                          
00000000  __TI_static_base__            
00000000  g_pfnVectors                  
0000026d  __TI_printfi                  
00000400  __STACK_SIZE                  
00000800  __SYSMEM_SIZE                 
00000ccb  __aeabi_idiv0                 
00000ccb  __aeabi_ldiv0                 
00000ccd  TIMER4A_Handler               
00000d17  TIMER4B_Handler               
00000f19  clock_timer_init              
00000fa9  main                          
0000102d  lcd_init                      
000010ed  lcd_putc                      
00001125  lcd_puts                      
00001143  lcd_sendCommand               
00001181  lcd_sendNibble                
000011c5  lcd_gotoLine                  
000011ed  lcd_setCursorPos              
0000122b  lcd_printf                    
00001759  __aeabi_dsub                  
00001763  __aeabi_dadd                  
00001911  timer_waitMillis              
00001945  timer_waitMicros              
0000196f  timer_startTimer              
000019bf  timer_stopTimer               
000019d5  timer_startClock              
00001a21  timer_getClock                
00001a27  timer_stopClock               
00001ba5  __aeabi_ddiv                  
00001dfd  ldexp                         
00001dfd  ldexpl                        
00001dfd  scalbn                        
00001dfd  scalbnl                       
00001f0d  button_init                   
00001f39  button_checkButtons           
00001f43  button_getButton              
00001fa1  button_getButtonBlocking      
00001fb5  button_getButtonChange        
00001fdf  button_getButtonChangeBlocking
0000200d  __aeabi_dmul                  
000021bb  __aeabi_memcpy                
000021bb  __aeabi_memcpy4               
000021bb  __aeabi_memcpy8               
000021bb  memcpy                        
00002257  __aeabi_uldivmod              
000022ed  __aeabi_cdcmpeq               
000022ed  __aeabi_cdcmple               
00002373  __aeabi_cdrcmple              
000023f9  __aeabi_memclr                
000023f9  __aeabi_memclr4               
000023f9  __aeabi_memclr8               
000023fb  __aeabi_memset                
000023fb  __aeabi_memset4               
000023fb  __aeabi_memset8               
00002401  memset                        
000024e1  __TI_decompress_lzss          
00002549  frexp                         
00002549  frexpl                        
00002603  ltoa                          
000026a9  atoi                          
000026f5  __aeabi_d2iz                  
0000273d  __TI_auto_init_nobinit_nopinit
00002781  vsnprintf                     
00002801  _c_int00_noargs               
00002839  IntRegister                   
0000289d  __aeabi_i2d                   
000028cb  memccpy                       
000028ff  strcmp                        
00002917  strchr                        
0000292d  copysign                      
0000292d  copysignl                     
00002941  strcpy                        
00002955  strlen                        
00002969  __TI_zero_init_nomemset       
0000297b  wcslen                        
0000298d  IntMasterEnable               
0000299d  lcd_clear                     
000029ad  __TI_decompress_none          
000029bb  CPUcpsie                      
000029c7  ResetISR                      
000029d5  __aeabi_errno_addr            
000029dd  _system_pre_init              
000029e1  C$$EXIT                       
000029e1  abort                         
000029e4  _ctypes_                      
00002b08  __TI_Handler_Table_Base       
00002b14  __TI_Handler_Table_Limit      
00002b28  __TI_CINIT_Base               
00002b40  __TI_CINIT_Limit              
20000000  g_pfnRAMVectors               
20000270  _sys_memory                   
20000a70  __stack                       
20000c70  __STACK_TOP                   
20000e70  __STACK_END                   
20000ec4  _prevButton                   
20000ec5  x                             
20000ec8  hours                         
20000ecc  minutes                       
20000ed0  seconds                       
20000ed4  isMilitary                    
20000ed8  count                         
20000edc  errno                         
ffffffff  __TI_pprof_out_hndl           
ffffffff  __TI_prof_data_size           
ffffffff  __TI_prof_data_start          
ffffffff  __binit__                     
ffffffff  __c_args__                    
ffffffff  binit                         
UNDEFED   __mpu_init                    
UNDEFED   _system_post_cinit            

[110 symbols]
