******************************************************************************
                  TI ARM Linker PC v18.1.2                     
******************************************************************************
>> Linked Wed Oct  3 09:53:57 2018

OUTPUT FILE NAME:   <Lab5.out>
ENTRY POINT SYMBOL: "_c_int00_noargs"  address: 000027a1


MEMORY CONFIGURATION

         name            origin    length      used     unused   attr    fill
----------------------  --------  ---------  --------  --------  ----  --------
  FLASH                 00000000   00040000  00002a73  0003d58d  R  X
  SRAM                  20000000   00008000  0000045e  00007ba2  RW X


SEGMENT ALLOCATION MAP

run origin  load origin   length   init length attrs members
----------  ----------- ---------- ----------- ----- -------
00000000    00000000    00002a78   00002a78    r-x
  00000000    00000000    0000026c   0000026c    r-- .intvecs
  0000026c    0000026c    000026c8   000026c8    r-x .text
  00002934    00002934    0000010f   0000010f    r-- .const
  00002a48    00002a48    00000030   00000030    r-- .cinit
20000000    20000000    00000461   00000000    rw-
  20000000    20000000    00000400   00000000    rw- .stack
  20000400    20000400    00000055   00000000    rw- .bss
  20000458    20000458    00000009   00000000    rw- .data


SECTION ALLOCATION MAP

 output                                  attributes/
section   page    origin      length       input sections
--------  ----  ----------  ----------   ----------------
.intvecs   0    00000000    0000026c     
                  00000000    0000026c     tm4c123gh6pm_startup_ccs.obj (.intvecs)

.text      0    0000026c    000026c8     
                  0000026c    00000a5e     rtsv7M4_T_le_v4SPD16_eabi.lib : _printfi.c.obj (.text:__TI_printfi)
                  00000cca    00000002                                   : div0.asm.obj (.text)
                  00000ccc    000002ec     lcd.obj (.text)
                  00000fb8    00000270     rtsv7M4_T_le_v4SPD16_eabi.lib : _printfi.c.obj (.text:_pconv_a)
                  00001228    00000228     uart.obj (.text)
                  00001450    000001d0     rtsv7M4_T_le_v4SPD16_eabi.lib : _printfi.c.obj (.text:_pconv_g)
                  00001620    000001b6                                   : fd_add_t2.asm.obj (.text)
                  000017d6    00000002     --HOLE-- [fill = 0]
                  000017d8    00000158     timer.obj (.text)
                  00001930    0000013c     rtsv7M4_T_le_v4SPD16_eabi.lib : _printfi.c.obj (.text:_pconv_e)
                  00001a6c    00000136                                   : fd_div_t2.asm.obj (.text)
                  00001ba2    00000002     --HOLE-- [fill = 0]
                  00001ba4    00000120                                   : _printfi.c.obj (.text:fcvt)
                  00001cc4    00000110                                   : s_scalbn.c.obj (.text:scalbn)
                  00001dd4    00000100     button.obj (.text)
                  00001ed4    000000fc     rtsv7M4_T_le_v4SPD16_eabi.lib : fd_mul_t2.asm.obj (.text)
                  00001fd0    000000d8     lab5_main.obj (.text)
                  000020a8    000000b1     rtsv7M4_T_le_v4SPD16_eabi.lib : _printfi.c.obj (.text:_ltostr)
                  00002159    00000001     --HOLE-- [fill = 0]
                  0000215a    0000009c                                   : memcpy_t2.asm.obj (.text)
                  000021f6    00000096                                   : ull_div_t2.asm.obj (.text)
                  0000228c    00000086                                   : fd_cmp_t2.asm.obj (.text:__aeabi_cdcmple)
                  00002312    00000086                                   : fd_cmp_t2.asm.obj (.text:__aeabi_cdrcmple)
                  00002398    0000007a                                   : memset_t2.asm.obj (.text)
                  00002412    0000006e                                   : _printfi.c.obj (.text:_mcpy)
                  00002480    00000068                                   : copy_decompress_lzss.c.obj (.text:decompress:lzss:__TI_decompress_lzss)
                  000024e8    00000064                                   : s_frexp.c.obj (.text:frexp)
                  0000254c    00000056                                   : _printfi.c.obj (.text:_pconv_f)
                  000025a2    00000054                                   : ltoa.c.obj (.text:ltoa)
                  000025f6    00000052                                   : _printfi.c.obj (.text:_ecpy)
                  00002648    0000004c                                   : atoi.c.obj (.text:atoi)
                  00002694    00000048                                   : fd_toi_t2.asm.obj (.text)
                  000026dc    00000044                                   : autoinit.c.obj (.text:__TI_auto_init_nobinit_nopinit:__TI_auto_init_nobinit_nopinit)
                  00002720    00000040                                   : vsnprintf.c.obj (.text:vsnprintf)
                  00002760    0000003e                                   : _printfi.c.obj (.text:_fcpy)
                  0000279e    00000002     --HOLE-- [fill = 0]
                  000027a0    00000038                                   : boot_cortex_m.c.obj (.text:_c_int00_noargs:_c_int00_noargs)
                  000027d8    00000030                                   : vsnprintf.c.obj (.text:_outs)
                  00002808    0000002e                                   : i_tofd_t2.asm.obj (.text)
                  00002836    0000001c                                   : memccpy.c.obj (.text:memccpy)
                  00002852    00000018                                   : vsnprintf.c.obj (.text:_outc)
                  0000286a    00000018                                   : strcmp.c.obj (.text:strcmp)
                  00002882    00000016                                   : strchr.c.obj (.text:strchr)
                  00002898    00000014                                   : s_copysign.c.obj (.text:copysign)
                  000028ac    00000014                                   : strcpy.c.obj (.text:strcpy)
                  000028c0    00000014                                   : strlen.c.obj (.text:strlen)
                  000028d4    00000012                                   : copy_zero_init.c.obj (.text:decompress:ZI:__TI_zero_init_nomemset:__TI_zero_init_nomemset)
                  000028e6    00000012                                   : wcslen.c.obj (.text:wcslen)
                  000028f8    00000010     lcd.obj (.text:lcd_clear)
                  00002908    0000000e     rtsv7M4_T_le_v4SPD16_eabi.lib : copy_decompress_none.c.obj (.text:decompress:none:__TI_decompress_none)
                  00002916    0000000c     tm4c123gh6pm_startup_ccs.obj (.text)
                  00002922    00000002     --HOLE-- [fill = 0]
                  00002924    00000008     rtsv7M4_T_le_v4SPD16_eabi.lib : errno.c.obj (.text:__aeabi_errno_addr)
                  0000292c    00000004                                   : pre_init.c.obj (.text:_system_pre_init)
                  00002930    00000004                                   : exit.c.obj (.text:abort:abort)

.const     0    00002934    0000010f     
                  00002934    00000101     rtsv7M4_T_le_v4SPD16_eabi.lib : ctype.c.obj (.const:.string:_ctypes_)
                  00002a35    00000006     lab5_main.obj (.const:.string:$P$T0$1)
                  00002a3b    00000004     lcd.obj (.const:.string:lineAddress$1)
                  00002a3f    00000004     lcd.obj (.const:.string:lineAddresses$2)

.cinit     0    00002a48    00000030     
                  00002a48    0000000c     (__TI_handler_table)
                  00002a54    00000004     --HOLE-- [fill = 0]
                  00002a58    00000008     (.cinit..bss.load) [load image, compression = zero_init]
                  00002a60    00000007     (.cinit..data.load) [load image, compression = lzss]
                  00002a67    00000001     --HOLE-- [fill = 0]
                  00002a68    00000010     (__TI_cinit_table)

.init_array 
*          0    00000000    00000000     UNINITIALIZED

.bss       0    20000400    00000055     UNINITIALIZED
                  20000400    00000054     lcd.obj (.bss:lastbuffer$3)
                  20000454    00000001     (.common:_prevButton)

.data      0    20000458    00000009     UNINITIALIZED
                  20000458    00000004     rtsv7M4_T_le_v4SPD16_eabi.lib : errno.c.obj (.data)
                  2000045c    00000004     uart.obj (.data)
                  20000460    00000001     button.obj (.data)

.stack     0    20000000    00000400     UNINITIALIZED
                  20000000    00000004     rtsv7M4_T_le_v4SPD16_eabi.lib : boot_cortex_m.c.obj (.stack)
                  20000004    000003fc     --HOLE--

MODULE SUMMARY

       Module                         code   ro data   rw data
       ------                         ----   -------   -------
    .\
       lcd.obj                        764    8         84     
       tm4c123gh6pm_startup_ccs.obj   12     620       0      
       uart.obj                       552    0         4      
       timer.obj                      344    0         0      
       button.obj                     256    0         2      
       lab5_main.obj                  216    6         0      
    +--+------------------------------+------+---------+---------+
       Total:                         2144   634       90     
                                                              
    C:\ti\ccsv8\tools\compiler\ti-cgt-arm_18.1.2.LTS\lib\rtsv7M4_T_le_v4SPD16_eabi.lib
       _printfi.c.obj                 4863   0         0      
       fd_add_t2.asm.obj              438    0         0      
       fd_div_t2.asm.obj              310    0         0      
       s_scalbn.c.obj                 272    0         0      
       fd_cmp_t2.asm.obj              268    0         0      
       ctype.c.obj                    0      257       0      
       fd_mul_t2.asm.obj              252    0         0      
       memcpy_t2.asm.obj              156    0         0      
       ull_div_t2.asm.obj             150    0         0      
       vsnprintf.c.obj                136    0         0      
       memset_t2.asm.obj              122    0         0      
       copy_decompress_lzss.c.obj     104    0         0      
       s_frexp.c.obj                  100    0         0      
       ltoa.c.obj                     84     0         0      
       atoi.c.obj                     76     0         0      
       fd_toi_t2.asm.obj              72     0         0      
       autoinit.c.obj                 68     0         0      
       boot_cortex_m.c.obj            56     0         0      
       i_tofd_t2.asm.obj              46     0         0      
       memccpy.c.obj                  28     0         0      
       strcmp.c.obj                   24     0         0      
       strchr.c.obj                   22     0         0      
       s_copysign.c.obj               20     0         0      
       strcpy.c.obj                   20     0         0      
       strlen.c.obj                   20     0         0      
       copy_zero_init.c.obj           18     0         0      
       wcslen.c.obj                   18     0         0      
       copy_decompress_none.c.obj     14     0         0      
       errno.c.obj                    8      0         4      
       exit.c.obj                     4      0         0      
       pre_init.c.obj                 4      0         0      
       div0.asm.obj                   2      0         0      
    +--+------------------------------+------+---------+---------+
       Total:                         7775   257       4      
                                                              
       Stack:                         0      0         1024   
       Linker Generated:              0      43        0      
    +--+------------------------------+------+---------+---------+
       Grand Total:                   9919   934       1118   


LINKER GENERATED COPY TABLES

__TI_cinit_table @ 00002a68 records: 2, size/record: 8, table size: 16
	.bss: load addr=00002a58, load size=00000008 bytes, run addr=20000400, run size=00000055 bytes, compression=zero_init
	.data: load addr=00002a60, load size=00000007 bytes, run addr=20000458, run size=00000009 bytes, compression=lzss


LINKER GENERATED HANDLER TABLE

__TI_handler_table @ 00002a48 records: 3, size/record: 4, table size: 12
	index: 0, handler: __TI_decompress_lzss
	index: 1, handler: __TI_decompress_none
	index: 2, handler: __TI_zero_init


GLOBAL SYMBOLS: SORTED ALPHABETICALLY BY Name 

address   name                          
-------   ----                          
00002931  C$$EXIT                       
00002917  ResetISR                      
20000400  __STACK_END                   
00000400  __STACK_SIZE                  
20000200  __STACK_TOP                   
00002a68  __TI_CINIT_Base               
00002a78  __TI_CINIT_Limit              
00002a48  __TI_Handler_Table_Base       
00002a54  __TI_Handler_Table_Limit      
000026dd  __TI_auto_init_nobinit_nopinit
00002481  __TI_decompress_lzss          
00002909  __TI_decompress_none          
ffffffff  __TI_pprof_out_hndl           
0000026d  __TI_printfi                  
ffffffff  __TI_prof_data_size           
ffffffff  __TI_prof_data_start          
00000000  __TI_static_base__            
000028d5  __TI_zero_init_nomemset       
0000228d  __aeabi_cdcmpeq               
0000228d  __aeabi_cdcmple               
00002313  __aeabi_cdrcmple              
00002695  __aeabi_d2iz                  
0000162b  __aeabi_dadd                  
00001a6d  __aeabi_ddiv                  
00001ed5  __aeabi_dmul                  
00001621  __aeabi_dsub                  
00002925  __aeabi_errno_addr            
00002809  __aeabi_i2d                   
00000ccb  __aeabi_idiv0                 
00000ccb  __aeabi_ldiv0                 
00002399  __aeabi_memclr                
00002399  __aeabi_memclr4               
00002399  __aeabi_memclr8               
0000215b  __aeabi_memcpy                
0000215b  __aeabi_memcpy4               
0000215b  __aeabi_memcpy8               
0000239b  __aeabi_memset                
0000239b  __aeabi_memset4               
0000239b  __aeabi_memset8               
000021f7  __aeabi_uldivmod              
ffffffff  __binit__                     
ffffffff  __c_args__                    
UNDEFED   __mpu_init                    
20000000  __stack                       
000027a1  _c_int00_noargs               
00002934  _ctypes_                      
20000454  _prevButton                   
UNDEFED   _system_post_cinit            
0000292d  _system_pre_init              
00002931  abort                         
00002649  atoi                          
ffffffff  binit                         
00001e01  button_checkButtons           
00001e0b  button_getButton              
00001e69  button_getButtonBlocking      
00001e7d  button_getButtonChange        
00001ea7  button_getButtonChangeBlocking
00001dd5  button_init                   
00002899  copysign                      
00002899  copysignl                     
20000458  errno                         
000024e9  frexp                         
000024e9  frexpl                        
00000000  g_pfnVectors                  
000028f9  lcd_clear                     
00000e65  lcd_gotoLine                  
00000ccd  lcd_init                      
00000ecb  lcd_printf                    
00000d8d  lcd_putc                      
00000dc5  lcd_puts                      
00000de3  lcd_sendCommand               
00000e21  lcd_sendNibble                
00000e8d  lcd_setCursorPos              
00001cc5  ldexp                         
00001cc5  ldexpl                        
000025a3  ltoa                          
00001fd1  main                          
00002837  memccpy                       
0000215b  memcpy                        
000023a1  memset                        
00001cc5  scalbn                        
00001cc5  scalbnl                       
00002883  strchr                        
0000286b  strcmp                        
000028ad  strcpy                        
000028c1  strlen                        
000018e9  timer_getClock                
0000189d  timer_startClock              
00001837  timer_startTimer              
000018ef  timer_stopClock               
00001887  timer_stopTimer               
0000180d  timer_waitMicros              
000017d9  timer_waitMillis              
00001229  uart_init                     
000012cd  uart_receive                  
000012b1  uart_sendChar                 
0000138f  uart_sendStr                  
00002721  vsnprintf                     
000028e7  wcslen                        


GLOBAL SYMBOLS: SORTED BY Symbol Address 

address   name                          
-------   ----                          
00000000  __TI_static_base__            
00000000  g_pfnVectors                  
0000026d  __TI_printfi                  
00000400  __STACK_SIZE                  
00000ccb  __aeabi_idiv0                 
00000ccb  __aeabi_ldiv0                 
00000ccd  lcd_init                      
00000d8d  lcd_putc                      
00000dc5  lcd_puts                      
00000de3  lcd_sendCommand               
00000e21  lcd_sendNibble                
00000e65  lcd_gotoLine                  
00000e8d  lcd_setCursorPos              
00000ecb  lcd_printf                    
00001229  uart_init                     
000012b1  uart_sendChar                 
000012cd  uart_receive                  
0000138f  uart_sendStr                  
00001621  __aeabi_dsub                  
0000162b  __aeabi_dadd                  
000017d9  timer_waitMillis              
0000180d  timer_waitMicros              
00001837  timer_startTimer              
00001887  timer_stopTimer               
0000189d  timer_startClock              
000018e9  timer_getClock                
000018ef  timer_stopClock               
00001a6d  __aeabi_ddiv                  
00001cc5  ldexp                         
00001cc5  ldexpl                        
00001cc5  scalbn                        
00001cc5  scalbnl                       
00001dd5  button_init                   
00001e01  button_checkButtons           
00001e0b  button_getButton              
00001e69  button_getButtonBlocking      
00001e7d  button_getButtonChange        
00001ea7  button_getButtonChangeBlocking
00001ed5  __aeabi_dmul                  
00001fd1  main                          
0000215b  __aeabi_memcpy                
0000215b  __aeabi_memcpy4               
0000215b  __aeabi_memcpy8               
0000215b  memcpy                        
000021f7  __aeabi_uldivmod              
0000228d  __aeabi_cdcmpeq               
0000228d  __aeabi_cdcmple               
00002313  __aeabi_cdrcmple              
00002399  __aeabi_memclr                
00002399  __aeabi_memclr4               
00002399  __aeabi_memclr8               
0000239b  __aeabi_memset                
0000239b  __aeabi_memset4               
0000239b  __aeabi_memset8               
000023a1  memset                        
00002481  __TI_decompress_lzss          
000024e9  frexp                         
000024e9  frexpl                        
000025a3  ltoa                          
00002649  atoi                          
00002695  __aeabi_d2iz                  
000026dd  __TI_auto_init_nobinit_nopinit
00002721  vsnprintf                     
000027a1  _c_int00_noargs               
00002809  __aeabi_i2d                   
00002837  memccpy                       
0000286b  strcmp                        
00002883  strchr                        
00002899  copysign                      
00002899  copysignl                     
000028ad  strcpy                        
000028c1  strlen                        
000028d5  __TI_zero_init_nomemset       
000028e7  wcslen                        
000028f9  lcd_clear                     
00002909  __TI_decompress_none          
00002917  ResetISR                      
00002925  __aeabi_errno_addr            
0000292d  _system_pre_init              
00002931  C$$EXIT                       
00002931  abort                         
00002934  _ctypes_                      
00002a48  __TI_Handler_Table_Base       
00002a54  __TI_Handler_Table_Limit      
00002a68  __TI_CINIT_Base               
00002a78  __TI_CINIT_Limit              
20000000  __stack                       
20000200  __STACK_TOP                   
20000400  __STACK_END                   
20000454  _prevButton                   
20000458  errno                         
ffffffff  __TI_pprof_out_hndl           
ffffffff  __TI_prof_data_size           
ffffffff  __TI_prof_data_start          
ffffffff  __binit__                     
ffffffff  __c_args__                    
ffffffff  binit                         
UNDEFED   __mpu_init                    
UNDEFED   _system_post_cinit            

[99 symbols]
