******************************************************************************
                  TI ARM Linker PC v18.1.2                     
******************************************************************************
>> Linked Wed Oct 10 10:19:51 2018

OUTPUT FILE NAME:   <Lab6.out>
ENTRY POINT SYMBOL: "_c_int00_noargs"  address: 00003159


MEMORY CONFIGURATION

         name            origin    length      used     unused   attr    fill
----------------------  --------  ---------  --------  --------  ----  --------
  FLASH                 00000000   00040000  00003458  0003cba8  R  X
  SRAM                  20000000   00008000  0000045a  00007ba6  RW X


SEGMENT ALLOCATION MAP

run origin  load origin   length   init length attrs members
----------  ----------- ---------- ----------- ----- -------
00000000    00000000    00003460   00003460    r-x
  00000000    00000000    0000026c   0000026c    r-- .intvecs
  0000026c    0000026c    00003080   00003080    r-x .text
  000032f0    000032f0    0000013c   0000013c    r-- .const
  00003430    00003430    00000030   00000030    r-- .cinit
20000000    20000000    0000045d   00000000    rw-
  20000000    20000000    00000400   00000000    rw- .stack
  20000400    20000400    00000055   00000000    rw- .bss
  20000458    20000458    00000005   00000000    rw- .data


SECTION ALLOCATION MAP

 output                                  attributes/
section   page    origin      length       input sections
--------  ----  ----------  ----------   ----------------
.intvecs   0    00000000    0000026c     
                  00000000    0000026c     tm4c123gh6pm_startup_ccs.obj (.intvecs)

.text      0    0000026c    00003080     
                  0000026c    00000a5e     rtsv7M4_T_le_v4SPD16_eabi.lib : _printfi.c.obj (.text:__TI_printfi)
                  00000cca    00000002                                   : div0.asm.obj (.text)
                  00000ccc    000009c0                                   : e_pow.c.obj (.text:pow)
                  0000168c    000002ec     lcd.obj (.text)
                  00001978    00000270     rtsv7M4_T_le_v4SPD16_eabi.lib : _printfi.c.obj (.text:_pconv_a)
                  00001be8    000001d0                                   : _printfi.c.obj (.text:_pconv_g)
                  00001db8    000001b6                                   : fd_add_t2.asm.obj (.text)
                  00001f6e    00000002     --HOLE-- [fill = 0]
                  00001f70    000001a0     lab6_main.obj (.text)
                  00002110    00000158     rtsv7M4_T_le_v4SPD16_eabi.lib : e_sqrt.c.obj (.text:sqrt)
                  00002268    00000158     timer.obj (.text)
                  000023c0    0000013c     rtsv7M4_T_le_v4SPD16_eabi.lib : _printfi.c.obj (.text:_pconv_e)
                  000024fc    00000136                                   : fd_div_t2.asm.obj (.text)
                  00002632    00000002     --HOLE-- [fill = 0]
                  00002634    00000120                                   : _printfi.c.obj (.text:fcvt)
                  00002754    00000110                                   : s_scalbn.c.obj (.text:scalbn)
                  00002864    00000100     button.obj (.text)
                  00002964    000000fc     rtsv7M4_T_le_v4SPD16_eabi.lib : fd_mul_t2.asm.obj (.text)
                  00002a60    000000b1                                   : _printfi.c.obj (.text:_ltostr)
                  00002b11    00000001     --HOLE-- [fill = 0]
                  00002b12    0000009c                                   : memcpy_t2.asm.obj (.text)
                  00002bae    00000096                                   : ull_div_t2.asm.obj (.text)
                  00002c44    00000086                                   : fd_cmp_t2.asm.obj (.text:__aeabi_cdcmple)
                  00002cca    00000086                                   : fd_cmp_t2.asm.obj (.text:__aeabi_cdrcmple)
                  00002d50    0000007a                                   : memset_t2.asm.obj (.text)
                  00002dca    0000006e                                   : _printfi.c.obj (.text:_mcpy)
                  00002e38    00000068                                   : copy_decompress_lzss.c.obj (.text:decompress:lzss:__TI_decompress_lzss)
                  00002ea0    00000064                                   : s_frexp.c.obj (.text:frexp)
                  00002f04    00000056                                   : _printfi.c.obj (.text:_pconv_f)
                  00002f5a    00000054                                   : ltoa.c.obj (.text:ltoa)
                  00002fae    00000052                                   : _printfi.c.obj (.text:_ecpy)
                  00003000    0000004c                                   : atoi.c.obj (.text:atoi)
                  0000304c    00000048                                   : fd_toi_t2.asm.obj (.text)
                  00003094    00000044                                   : autoinit.c.obj (.text:__TI_auto_init_nobinit_nopinit:__TI_auto_init_nobinit_nopinit)
                  000030d8    00000040                                   : vsnprintf.c.obj (.text:vsnprintf)
                  00003118    0000003e                                   : _printfi.c.obj (.text:_fcpy)
                  00003156    00000002     --HOLE-- [fill = 0]
                  00003158    00000038                                   : boot_cortex_m.c.obj (.text:_c_int00_noargs:_c_int00_noargs)
                  00003190    00000030                                   : vsnprintf.c.obj (.text:_outs)
                  000031c0    0000002e                                   : i_tofd_t2.asm.obj (.text)
                  000031ee    0000001c                                   : memccpy.c.obj (.text:memccpy)
                  0000320a    00000018                                   : vsnprintf.c.obj (.text:_outc)
                  00003222    00000018                                   : strcmp.c.obj (.text:strcmp)
                  0000323a    00000016                                   : strchr.c.obj (.text:strchr)
                  00003250    00000014                                   : s_copysign.c.obj (.text:copysign)
                  00003264    00000014                                   : strcpy.c.obj (.text:strcpy)
                  00003278    00000014                                   : strlen.c.obj (.text:strlen)
                  0000328c    00000012                                   : copy_zero_init.c.obj (.text:decompress:ZI:__TI_zero_init_nomemset:__TI_zero_init_nomemset)
                  0000329e    00000012                                   : wcslen.c.obj (.text:wcslen)
                  000032b0    00000010     lcd.obj (.text:lcd_clear)
                  000032c0    0000000e     rtsv7M4_T_le_v4SPD16_eabi.lib : copy_decompress_none.c.obj (.text:decompress:none:__TI_decompress_none)
                  000032ce    0000000c     tm4c123gh6pm_startup_ccs.obj (.text)
                  000032da    00000002     --HOLE-- [fill = 0]
                  000032dc    00000008     rtsv7M4_T_le_v4SPD16_eabi.lib : errno.c.obj (.text:__aeabi_errno_addr)
                  000032e4    00000004                                   : pre_init.c.obj (.text:_system_pre_init)
                  000032e8    00000004                                   : exit.c.obj (.text:abort:abort)

.const     0    000032f0    0000013c     
                  000032f0    00000101     rtsv7M4_T_le_v4SPD16_eabi.lib : ctype.c.obj (.const:.string:_ctypes_)
                  000033f1    00000004     lcd.obj (.const:.string:lineAddress$1)
                  000033f5    00000003     --HOLE-- [fill = 0]
                  000033f8    00000030     rtsv7M4_T_le_v4SPD16_eabi.lib : e_pow.c.obj (.const:$O1$$)
                  00003428    00000004     lcd.obj (.const:.string:lineAddresses$2)

.cinit     0    00003430    00000030     
                  00003430    0000000c     (__TI_handler_table)
                  0000343c    00000004     --HOLE-- [fill = 0]
                  00003440    00000008     (.cinit..bss.load) [load image, compression = zero_init]
                  00003448    00000007     (.cinit..data.load) [load image, compression = lzss]
                  0000344f    00000001     --HOLE-- [fill = 0]
                  00003450    00000010     (__TI_cinit_table)

.init_array 
*          0    00000000    00000000     UNINITIALIZED

.bss       0    20000400    00000055     UNINITIALIZED
                  20000400    00000054     lcd.obj (.bss:lastbuffer$3)
                  20000454    00000001     (.common:_prevButton)

.data      0    20000458    00000005     UNINITIALIZED
                  20000458    00000004     rtsv7M4_T_le_v4SPD16_eabi.lib : errno.c.obj (.data)
                  2000045c    00000001     button.obj (.data)

.stack     0    20000000    00000400     UNINITIALIZED
                  20000000    00000004     rtsv7M4_T_le_v4SPD16_eabi.lib : boot_cortex_m.c.obj (.stack)
                  20000004    000003fc     --HOLE--

MODULE SUMMARY

       Module                         code    ro data   rw data
       ------                         ----    -------   -------
    .\
       lcd.obj                        764     8         84     
       tm4c123gh6pm_startup_ccs.obj   12      620       0      
       lab6_main.obj                  416     0         0      
       timer.obj                      344     0         0      
       button.obj                     256     0         2      
    +--+------------------------------+-------+---------+---------+
       Total:                         1792    628       86     
                                                               
    C:\ti\ccsv8\tools\compiler\ti-cgt-arm_18.1.2.LTS\lib\rtsv7M4_T_le_v4SPD16_eabi.lib
       _printfi.c.obj                 4863    0         0      
       e_pow.c.obj                    2496    48        0      
       fd_add_t2.asm.obj              438     0         0      
       e_sqrt.c.obj                   344     0         0      
       fd_div_t2.asm.obj              310     0         0      
       s_scalbn.c.obj                 272     0         0      
       fd_cmp_t2.asm.obj              268     0         0      
       ctype.c.obj                    0       257       0      
       fd_mul_t2.asm.obj              252     0         0      
       memcpy_t2.asm.obj              156     0         0      
       ull_div_t2.asm.obj             150     0         0      
       vsnprintf.c.obj                136     0         0      
       memset_t2.asm.obj              122     0         0      
       copy_decompress_lzss.c.obj     104     0         0      
       s_frexp.c.obj                  100     0         0      
       ltoa.c.obj                     84      0         0      
       atoi.c.obj                     76      0         0      
       fd_toi_t2.asm.obj              72      0         0      
       autoinit.c.obj                 68      0         0      
       boot_cortex_m.c.obj            56      0         0      
       i_tofd_t2.asm.obj              46      0         0      
       memccpy.c.obj                  28      0         0      
       strcmp.c.obj                   24      0         0      
       strchr.c.obj                   22      0         0      
       s_copysign.c.obj               20      0         0      
       strcpy.c.obj                   20      0         0      
       strlen.c.obj                   20      0         0      
       copy_zero_init.c.obj           18      0         0      
       wcslen.c.obj                   18      0         0      
       copy_decompress_none.c.obj     14      0         0      
       errno.c.obj                    8       0         4      
       exit.c.obj                     4       0         0      
       pre_init.c.obj                 4       0         0      
       div0.asm.obj                   2       0         0      
    +--+------------------------------+-------+---------+---------+
       Total:                         10615   305       4      
                                                               
       Stack:                         0       0         1024   
       Linker Generated:              0       43        0      
    +--+------------------------------+-------+---------+---------+
       Grand Total:                   12407   976       1114   


LINKER GENERATED COPY TABLES

__TI_cinit_table @ 00003450 records: 2, size/record: 8, table size: 16
	.bss: load addr=00003440, load size=00000008 bytes, run addr=20000400, run size=00000055 bytes, compression=zero_init
	.data: load addr=00003448, load size=00000007 bytes, run addr=20000458, run size=00000005 bytes, compression=lzss


LINKER GENERATED HANDLER TABLE

__TI_handler_table @ 00003430 records: 3, size/record: 4, table size: 12
	index: 0, handler: __TI_decompress_lzss
	index: 1, handler: __TI_decompress_none
	index: 2, handler: __TI_zero_init


GLOBAL SYMBOLS: SORTED ALPHABETICALLY BY Name 

address   name                          
-------   ----                          
00002081  ADC_read                      
000032e9  C$$EXIT                       
000032cf  ResetISR                      
20000400  __STACK_END                   
00000400  __STACK_SIZE                  
20000200  __STACK_TOP                   
00003450  __TI_CINIT_Base               
00003460  __TI_CINIT_Limit              
00003430  __TI_Handler_Table_Base       
0000343c  __TI_Handler_Table_Limit      
00003095  __TI_auto_init_nobinit_nopinit
00002e39  __TI_decompress_lzss          
000032c1  __TI_decompress_none          
ffffffff  __TI_pprof_out_hndl           
0000026d  __TI_printfi                  
ffffffff  __TI_prof_data_size           
ffffffff  __TI_prof_data_start          
00000000  __TI_static_base__            
0000328d  __TI_zero_init_nomemset       
00002c45  __aeabi_cdcmpeq               
00002c45  __aeabi_cdcmple               
00002ccb  __aeabi_cdrcmple              
0000304d  __aeabi_d2iz                  
00001dc3  __aeabi_dadd                  
000024fd  __aeabi_ddiv                  
00002965  __aeabi_dmul                  
00001db9  __aeabi_dsub                  
000032dd  __aeabi_errno_addr            
000031c1  __aeabi_i2d                   
00000ccb  __aeabi_idiv0                 
00000ccb  __aeabi_ldiv0                 
00002d51  __aeabi_memclr                
00002d51  __aeabi_memclr4               
00002d51  __aeabi_memclr8               
00002b13  __aeabi_memcpy                
00002b13  __aeabi_memcpy4               
00002b13  __aeabi_memcpy8               
00002d53  __aeabi_memset                
00002d53  __aeabi_memset4               
00002d53  __aeabi_memset8               
00002baf  __aeabi_uldivmod              
ffffffff  __binit__                     
ffffffff  __c_args__                    
UNDEFED   __mpu_init                    
20000000  __stack                       
00003159  _c_int00_noargs               
000032f0  _ctypes_                      
20000454  _prevButton                   
UNDEFED   _system_post_cinit            
000032e5  _system_pre_init              
000032e9  abort                         
00001f71  adc_init                      
00003001  atoi                          
ffffffff  binit                         
00002891  button_checkButtons           
0000289b  button_getButton              
000028f9  button_getButtonBlocking      
0000290d  button_getButtonChange        
00002937  button_getButtonChangeBlocking
00002865  button_init                   
00003251  copysign                      
00003251  copysignl                     
20000458  errno                         
00002ea1  frexp                         
00002ea1  frexpl                        
00000000  g_pfnVectors                  
000032b1  lcd_clear                     
00001825  lcd_gotoLine                  
0000168d  lcd_init                      
0000188b  lcd_printf                    
0000174d  lcd_putc                      
00001785  lcd_puts                      
000017a3  lcd_sendCommand               
000017e1  lcd_sendNibble                
0000184d  lcd_setCursorPos              
00002755  ldexp                         
00002755  ldexpl                        
00002f5b  ltoa                          
00001fd9  main                          
000031ef  memccpy                       
00002b13  memcpy                        
00002d59  memset                        
00000ccd  pow                           
00000ccd  powl                          
00002755  scalbn                        
00002755  scalbnl                       
00002111  sqrt                          
00002111  sqrtl                         
0000323b  strchr                        
00003223  strcmp                        
00003265  strcpy                        
00003279  strlen                        
00002379  timer_getClock                
0000232d  timer_startClock              
000022c7  timer_startTimer              
0000237f  timer_stopClock               
00002317  timer_stopTimer               
0000229d  timer_waitMicros              
00002269  timer_waitMillis              
000030d9  vsnprintf                     
0000329f  wcslen                        


GLOBAL SYMBOLS: SORTED BY Symbol Address 

address   name                          
-------   ----                          
00000000  __TI_static_base__            
00000000  g_pfnVectors                  
0000026d  __TI_printfi                  
00000400  __STACK_SIZE                  
00000ccb  __aeabi_idiv0                 
00000ccb  __aeabi_ldiv0                 
00000ccd  pow                           
00000ccd  powl                          
0000168d  lcd_init                      
0000174d  lcd_putc                      
00001785  lcd_puts                      
000017a3  lcd_sendCommand               
000017e1  lcd_sendNibble                
00001825  lcd_gotoLine                  
0000184d  lcd_setCursorPos              
0000188b  lcd_printf                    
00001db9  __aeabi_dsub                  
00001dc3  __aeabi_dadd                  
00001f71  adc_init                      
00001fd9  main                          
00002081  ADC_read                      
00002111  sqrt                          
00002111  sqrtl                         
00002269  timer_waitMillis              
0000229d  timer_waitMicros              
000022c7  timer_startTimer              
00002317  timer_stopTimer               
0000232d  timer_startClock              
00002379  timer_getClock                
0000237f  timer_stopClock               
000024fd  __aeabi_ddiv                  
00002755  ldexp                         
00002755  ldexpl                        
00002755  scalbn                        
00002755  scalbnl                       
00002865  button_init                   
00002891  button_checkButtons           
0000289b  button_getButton              
000028f9  button_getButtonBlocking      
0000290d  button_getButtonChange        
00002937  button_getButtonChangeBlocking
00002965  __aeabi_dmul                  
00002b13  __aeabi_memcpy                
00002b13  __aeabi_memcpy4               
00002b13  __aeabi_memcpy8               
00002b13  memcpy                        
00002baf  __aeabi_uldivmod              
00002c45  __aeabi_cdcmpeq               
00002c45  __aeabi_cdcmple               
00002ccb  __aeabi_cdrcmple              
00002d51  __aeabi_memclr                
00002d51  __aeabi_memclr4               
00002d51  __aeabi_memclr8               
00002d53  __aeabi_memset                
00002d53  __aeabi_memset4               
00002d53  __aeabi_memset8               
00002d59  memset                        
00002e39  __TI_decompress_lzss          
00002ea1  frexp                         
00002ea1  frexpl                        
00002f5b  ltoa                          
00003001  atoi                          
0000304d  __aeabi_d2iz                  
00003095  __TI_auto_init_nobinit_nopinit
000030d9  vsnprintf                     
00003159  _c_int00_noargs               
000031c1  __aeabi_i2d                   
000031ef  memccpy                       
00003223  strcmp                        
0000323b  strchr                        
00003251  copysign                      
00003251  copysignl                     
00003265  strcpy                        
00003279  strlen                        
0000328d  __TI_zero_init_nomemset       
0000329f  wcslen                        
000032b1  lcd_clear                     
000032c1  __TI_decompress_none          
000032cf  ResetISR                      
000032dd  __aeabi_errno_addr            
000032e5  _system_pre_init              
000032e9  C$$EXIT                       
000032e9  abort                         
000032f0  _ctypes_                      
00003430  __TI_Handler_Table_Base       
0000343c  __TI_Handler_Table_Limit      
00003450  __TI_CINIT_Base               
00003460  __TI_CINIT_Limit              
20000000  __stack                       
20000200  __STACK_TOP                   
20000400  __STACK_END                   
20000454  _prevButton                   
20000458  errno                         
ffffffff  __TI_pprof_out_hndl           
ffffffff  __TI_prof_data_size           
ffffffff  __TI_prof_data_start          
ffffffff  __binit__                     
ffffffff  __c_args__                    
ffffffff  binit                         
UNDEFED   __mpu_init                    
UNDEFED   _system_post_cinit            

[101 symbols]
