******************************************************************************
                  TI ARM Linker PC v18.1.2                     
******************************************************************************
>> Linked Wed Oct 17 08:55:23 2018

OUTPUT FILE NAME:   <Lab7.out>
ENTRY POINT SYMBOL: "_c_int00_noargs"  address: 00002641


MEMORY CONFIGURATION

         name            origin    length      used     unused   attr    fill
----------------------  --------  ---------  --------  --------  ----  --------
  FLASH                 00000000   00040000  0000298d  0003d673  R  X
  SRAM                  20000000   00008000  000006d5  0000792b  RW X


SEGMENT ALLOCATION MAP

run origin  load origin   length   init length attrs members
----------  ----------- ---------- ----------- ----- -------
00000000    00000000    00002990   00002990    r-x
  00000000    00000000    0000026c   0000026c    r-- .intvecs
  0000026c    0000026c    000025d8   000025d8    r-x .text
  00002844    00002844    00000109   00000109    r-- .const
  00002950    00002950    00000040   00000040    r-- .cinit
20000000    20000000    000006d5   00000000    rw-
  20000000    20000000    0000026c   00000000    rw- .vtable
  2000026c    2000026c    00000004   00000000    rw- .data
  20000270    20000270    00000400   00000000    rw- .stack
  20000670    20000670    00000065   00000000    rw- .bss


SECTION ALLOCATION MAP

 output                                  attributes/
section   page    origin      length       input sections
--------  ----  ----------  ----------   ----------------
.intvecs   0    00000000    0000026c     
                  00000000    0000026c     tm4c123gh6pm_startup_ccs.obj (.intvecs)

.text      0    0000026c    000025d8     
                  0000026c    00000a5e     rtsv7M4_T_le_v4SPD16_eabi.lib : _printfi.c.obj (.text:__TI_printfi)
                  00000cca    00000002                                   : div0.asm.obj (.text)
                  00000ccc    000002ec     lcd.obj (.text)
                  00000fb8    000002a0     lab7_main.obj (.text)
                  00001258    00000270     rtsv7M4_T_le_v4SPD16_eabi.lib : _printfi.c.obj (.text:_pconv_a)
                  000014c8    000001d0                                   : _printfi.c.obj (.text:_pconv_g)
                  00001698    000001b6                                   : fd_add_t2.asm.obj (.text)
                  0000184e    00000002     --HOLE-- [fill = 0]
                  00001850    00000158     timer.obj (.text)
                  000019a8    0000013c     rtsv7M4_T_le_v4SPD16_eabi.lib : _printfi.c.obj (.text:_pconv_e)
                  00001ae4    00000136                                   : fd_div_t2.asm.obj (.text)
                  00001c1a    00000002     --HOLE-- [fill = 0]
                  00001c1c    00000120                                   : _printfi.c.obj (.text:fcvt)
                  00001d3c    00000110                                   : s_scalbn.c.obj (.text:scalbn)
                  00001e4c    000000fc                                   : fd_mul_t2.asm.obj (.text)
                  00001f48    000000b1                                   : _printfi.c.obj (.text:_ltostr)
                  00001ff9    00000001     --HOLE-- [fill = 0]
                  00001ffa    0000009c                                   : memcpy_t2.asm.obj (.text)
                  00002096    00000096                                   : ull_div_t2.asm.obj (.text)
                  0000212c    00000086                                   : fd_cmp_t2.asm.obj (.text:__aeabi_cdcmple)
                  000021b2    00000086                                   : fd_cmp_t2.asm.obj (.text:__aeabi_cdrcmple)
                  00002238    0000007a                                   : memset_t2.asm.obj (.text)
                  000022b2    0000006e                                   : _printfi.c.obj (.text:_mcpy)
                  00002320    00000068                                   : copy_decompress_lzss.c.obj (.text:decompress:lzss:__TI_decompress_lzss)
                  00002388    00000064                                   : s_frexp.c.obj (.text:frexp)
                  000023ec    00000056                                   : _printfi.c.obj (.text:_pconv_f)
                  00002442    00000054                                   : ltoa.c.obj (.text:ltoa)
                  00002496    00000052                                   : _printfi.c.obj (.text:_ecpy)
                  000024e8    0000004c                                   : atoi.c.obj (.text:atoi)
                  00002534    00000048                                   : fd_toi_t2.asm.obj (.text)
                  0000257c    00000044                                   : autoinit.c.obj (.text:__TI_auto_init_nobinit_nopinit:__TI_auto_init_nobinit_nopinit)
                  000025c0    00000040                                   : vsnprintf.c.obj (.text:vsnprintf)
                  00002600    0000003e                                   : _printfi.c.obj (.text:_fcpy)
                  0000263e    00000002     --HOLE-- [fill = 0]
                  00002640    00000038                                   : boot_cortex_m.c.obj (.text:_c_int00_noargs:_c_int00_noargs)
                  00002678    00000034     driverlib.lib : interrupt.obj (.text:IntRegister)
                  000026ac    00000030     rtsv7M4_T_le_v4SPD16_eabi.lib : vsnprintf.c.obj (.text:_outs)
                  000026dc    0000002e                                   : i_tofd_t2.asm.obj (.text)
                  0000270a    00000020                                   : u_tofd_t2.asm.obj (.text)
                  0000272a    0000001c                                   : memccpy.c.obj (.text:memccpy)
                  00002746    00000018                                   : vsnprintf.c.obj (.text:_outc)
                  0000275e    00000018                                   : strcmp.c.obj (.text:strcmp)
                  00002776    00000016                                   : strchr.c.obj (.text:strchr)
                  0000278c    00000014                                   : s_copysign.c.obj (.text:copysign)
                  000027a0    00000014                                   : strcpy.c.obj (.text:strcpy)
                  000027b4    00000014                                   : strlen.c.obj (.text:strlen)
                  000027c8    00000012                                   : copy_zero_init.c.obj (.text:decompress:ZI:__TI_zero_init_nomemset:__TI_zero_init_nomemset)
                  000027da    00000012                                   : wcslen.c.obj (.text:wcslen)
                  000027ec    00000010     driverlib.lib : interrupt.obj (.text:IntMasterEnable)
                  000027fc    00000010     lcd.obj (.text:lcd_clear)
                  0000280c    0000000e     rtsv7M4_T_le_v4SPD16_eabi.lib : copy_decompress_none.c.obj (.text:decompress:none:__TI_decompress_none)
                  0000281a    0000000c     driverlib.lib : cpu.obj (.text:CPUcpsie)
                  00002826    0000000c     tm4c123gh6pm_startup_ccs.obj (.text)
                  00002832    00000002     --HOLE-- [fill = 0]
                  00002834    00000008     rtsv7M4_T_le_v4SPD16_eabi.lib : errno.c.obj (.text:__aeabi_errno_addr)
                  0000283c    00000004                                   : pre_init.c.obj (.text:_system_pre_init)
                  00002840    00000004                                   : exit.c.obj (.text:abort:abort)

.const     0    00002844    00000109     
                  00002844    00000101     rtsv7M4_T_le_v4SPD16_eabi.lib : ctype.c.obj (.const:.string:_ctypes_)
                  00002945    00000004     lcd.obj (.const:.string:lineAddress$1)
                  00002949    00000004     lcd.obj (.const:.string:lineAddresses$2)

.cinit     0    00002950    00000040     
                  00002950    0000000c     (__TI_handler_table)
                  0000295c    00000004     --HOLE-- [fill = 0]
                  00002960    00000008     (.cinit..bss.load) [load image, compression = zero_init]
                  00002968    00000008     (.cinit..vtable.load) [load image, compression = zero_init]
                  00002970    00000007     (.cinit..data.load) [load image, compression = lzss]
                  00002977    00000001     --HOLE-- [fill = 0]
                  00002978    00000018     (__TI_cinit_table)

.init_array 
*          0    00000000    00000000     UNINITIALIZED

.vtable    0    20000000    0000026c     UNINITIALIZED
                  20000000    0000026c     driverlib.lib : interrupt.obj (.vtable)

.data      0    2000026c    00000004     UNINITIALIZED
                  2000026c    00000004     rtsv7M4_T_le_v4SPD16_eabi.lib : errno.c.obj (.data)

.bss       0    20000670    00000065     UNINITIALIZED
                  20000670    00000054     lcd.obj (.bss:lastbuffer$3)
                  200006c4    00000004     (.common:falling)
                  200006c8    00000004     (.common:overflow)
                  200006cc    00000004     (.common:overflowTotal)
                  200006d0    00000004     (.common:rising)
                  200006d4    00000001     (.common:state)

.stack     0    20000270    00000400     UNINITIALIZED
                  20000270    00000004     rtsv7M4_T_le_v4SPD16_eabi.lib : boot_cortex_m.c.obj (.stack)
                  20000274    000003fc     --HOLE--

MODULE SUMMARY

       Module                         code   ro data   rw data
       ------                         ----   -------   -------
    .\
       lcd.obj                        764    8         84     
       lab7_main.obj                  672    0         17     
       tm4c123gh6pm_startup_ccs.obj   12     620       0      
       timer.obj                      344    0         0      
    +--+------------------------------+------+---------+---------+
       Total:                         1792   628       101    
                                                              
    C:/ti/TivaWare_C_Series-2.1.4.178/driverlib/ccs/Debug/driverlib.lib
       interrupt.obj                  68     0         620    
       cpu.obj                        12     0         0      
    +--+------------------------------+------+---------+---------+
       Total:                         80     0         620    
                                                              
    C:\ti\ccsv8\tools\compiler\ti-cgt-arm_18.1.2.LTS\lib\rtsv7M4_T_le_v4SPD16_eabi.lib
       _printfi.c.obj                 4863   0         0      
       fd_add_t2.asm.obj              438    0         0      
       fd_div_t2.asm.obj              310    0         0      
       s_scalbn.c.obj                 272    0         0      
       fd_cmp_t2.asm.obj              268    0         0      
       ctype.c.obj                    0      257       0      
       fd_mul_t2.asm.obj              252    0         0      
       memcpy_t2.asm.obj              156    0         0      
       ull_div_t2.asm.obj             150    0         0      
       vsnprintf.c.obj                136    0         0      
       memset_t2.asm.obj              122    0         0      
       copy_decompress_lzss.c.obj     104    0         0      
       s_frexp.c.obj                  100    0         0      
       ltoa.c.obj                     84     0         0      
       atoi.c.obj                     76     0         0      
       fd_toi_t2.asm.obj              72     0         0      
       autoinit.c.obj                 68     0         0      
       boot_cortex_m.c.obj            56     0         0      
       i_tofd_t2.asm.obj              46     0         0      
       u_tofd_t2.asm.obj              32     0         0      
       memccpy.c.obj                  28     0         0      
       strcmp.c.obj                   24     0         0      
       strchr.c.obj                   22     0         0      
       s_copysign.c.obj               20     0         0      
       strcpy.c.obj                   20     0         0      
       strlen.c.obj                   20     0         0      
       copy_zero_init.c.obj           18     0         0      
       wcslen.c.obj                   18     0         0      
       copy_decompress_none.c.obj     14     0         0      
       errno.c.obj                    8      0         4      
       exit.c.obj                     4      0         0      
       pre_init.c.obj                 4      0         0      
       div0.asm.obj                   2      0         0      
    +--+------------------------------+------+---------+---------+
       Total:                         7807   257       4      
                                                              
       Stack:                         0      0         1024   
       Linker Generated:              0      59        0      
    +--+------------------------------+------+---------+---------+
       Grand Total:                   9679   944       1749   


LINKER GENERATED COPY TABLES

__TI_cinit_table @ 00002978 records: 3, size/record: 8, table size: 24
	.bss: load addr=00002960, load size=00000008 bytes, run addr=20000670, run size=00000065 bytes, compression=zero_init
	.vtable: load addr=00002968, load size=00000008 bytes, run addr=20000000, run size=0000026c bytes, compression=zero_init
	.data: load addr=00002970, load size=00000007 bytes, run addr=2000026c, run size=00000004 bytes, compression=lzss


LINKER GENERATED HANDLER TABLE

__TI_handler_table @ 00002950 records: 3, size/record: 4, table size: 12
	index: 0, handler: __TI_zero_init
	index: 1, handler: __TI_decompress_lzss
	index: 2, handler: __TI_decompress_none


GLOBAL SYMBOLS: SORTED ALPHABETICALLY BY Name 

address   name                          
-------   ----                          
00002841  C$$EXIT                       
0000281b  CPUcpsie                      
000027ed  IntMasterEnable               
00002679  IntRegister                   
00002827  ResetISR                      
00001109  TIMER3B_Handler               
20000670  __STACK_END                   
00000400  __STACK_SIZE                  
20000470  __STACK_TOP                   
00002978  __TI_CINIT_Base               
00002990  __TI_CINIT_Limit              
00002950  __TI_Handler_Table_Base       
0000295c  __TI_Handler_Table_Limit      
0000257d  __TI_auto_init_nobinit_nopinit
00002321  __TI_decompress_lzss          
0000280d  __TI_decompress_none          
ffffffff  __TI_pprof_out_hndl           
0000026d  __TI_printfi                  
ffffffff  __TI_prof_data_size           
ffffffff  __TI_prof_data_start          
00000000  __TI_static_base__            
000027c9  __TI_zero_init_nomemset       
0000212d  __aeabi_cdcmpeq               
0000212d  __aeabi_cdcmple               
000021b3  __aeabi_cdrcmple              
00002535  __aeabi_d2iz                  
000016a3  __aeabi_dadd                  
00001ae5  __aeabi_ddiv                  
00001e4d  __aeabi_dmul                  
00001699  __aeabi_dsub                  
00002835  __aeabi_errno_addr            
000026dd  __aeabi_i2d                   
00000ccb  __aeabi_idiv0                 
00000ccb  __aeabi_ldiv0                 
00002239  __aeabi_memclr                
00002239  __aeabi_memclr4               
00002239  __aeabi_memclr8               
00001ffb  __aeabi_memcpy                
00001ffb  __aeabi_memcpy4               
00001ffb  __aeabi_memcpy8               
0000223b  __aeabi_memset                
0000223b  __aeabi_memset4               
0000223b  __aeabi_memset8               
0000270b  __aeabi_ui2d                  
00002097  __aeabi_uldivmod              
ffffffff  __binit__                     
ffffffff  __c_args__                    
UNDEFED   __mpu_init                    
20000270  __stack                       
00002641  _c_int00_noargs               
00002844  _ctypes_                      
UNDEFED   _system_post_cinit            
0000283d  _system_pre_init              
00002841  abort                         
000024e9  atoi                          
ffffffff  binit                         
0000278d  copysign                      
0000278d  copysignl                     
2000026c  errno                         
200006c4  falling                       
00002389  frexp                         
00002389  frexpl                        
20000000  g_pfnRAMVectors               
00000000  g_pfnVectors                  
000027fd  lcd_clear                     
00000e65  lcd_gotoLine                  
00000ccd  lcd_init                      
00000ecb  lcd_printf                    
00000d8d  lcd_putc                      
00000dc5  lcd_puts                      
00000de3  lcd_sendCommand               
00000e21  lcd_sendNibble                
00000e8d  lcd_setCursorPos              
00001d3d  ldexp                         
00001d3d  ldexpl                        
00002443  ltoa                          
00001165  main                          
0000272b  memccpy                       
00001ffb  memcpy                        
00002241  memset                        
200006c8  overflow                      
200006cc  overflowTotal                 
00000fb9  ping_init                     
000010bb  ping_read                     
200006d0  rising                        
00001d3d  scalbn                        
00001d3d  scalbnl                       
00001051  send_pulse                    
200006d4  state                         
00002777  strchr                        
0000275f  strcmp                        
000027a1  strcpy                        
000027b5  strlen                        
00001961  timer_getClock                
00001915  timer_startClock              
000018af  timer_startTimer              
00001967  timer_stopClock               
000018ff  timer_stopTimer               
00001885  timer_waitMicros              
00001851  timer_waitMillis              
000025c1  vsnprintf                     
000027db  wcslen                        


GLOBAL SYMBOLS: SORTED BY Symbol Address 

address   name                          
-------   ----                          
00000000  __TI_static_base__            
00000000  g_pfnVectors                  
0000026d  __TI_printfi                  
00000400  __STACK_SIZE                  
00000ccb  __aeabi_idiv0                 
00000ccb  __aeabi_ldiv0                 
00000ccd  lcd_init                      
00000d8d  lcd_putc                      
00000dc5  lcd_puts                      
00000de3  lcd_sendCommand               
00000e21  lcd_sendNibble                
00000e65  lcd_gotoLine                  
00000e8d  lcd_setCursorPos              
00000ecb  lcd_printf                    
00000fb9  ping_init                     
00001051  send_pulse                    
000010bb  ping_read                     
00001109  TIMER3B_Handler               
00001165  main                          
00001699  __aeabi_dsub                  
000016a3  __aeabi_dadd                  
00001851  timer_waitMillis              
00001885  timer_waitMicros              
000018af  timer_startTimer              
000018ff  timer_stopTimer               
00001915  timer_startClock              
00001961  timer_getClock                
00001967  timer_stopClock               
00001ae5  __aeabi_ddiv                  
00001d3d  ldexp                         
00001d3d  ldexpl                        
00001d3d  scalbn                        
00001d3d  scalbnl                       
00001e4d  __aeabi_dmul                  
00001ffb  __aeabi_memcpy                
00001ffb  __aeabi_memcpy4               
00001ffb  __aeabi_memcpy8               
00001ffb  memcpy                        
00002097  __aeabi_uldivmod              
0000212d  __aeabi_cdcmpeq               
0000212d  __aeabi_cdcmple               
000021b3  __aeabi_cdrcmple              
00002239  __aeabi_memclr                
00002239  __aeabi_memclr4               
00002239  __aeabi_memclr8               
0000223b  __aeabi_memset                
0000223b  __aeabi_memset4               
0000223b  __aeabi_memset8               
00002241  memset                        
00002321  __TI_decompress_lzss          
00002389  frexp                         
00002389  frexpl                        
00002443  ltoa                          
000024e9  atoi                          
00002535  __aeabi_d2iz                  
0000257d  __TI_auto_init_nobinit_nopinit
000025c1  vsnprintf                     
00002641  _c_int00_noargs               
00002679  IntRegister                   
000026dd  __aeabi_i2d                   
0000270b  __aeabi_ui2d                  
0000272b  memccpy                       
0000275f  strcmp                        
00002777  strchr                        
0000278d  copysign                      
0000278d  copysignl                     
000027a1  strcpy                        
000027b5  strlen                        
000027c9  __TI_zero_init_nomemset       
000027db  wcslen                        
000027ed  IntMasterEnable               
000027fd  lcd_clear                     
0000280d  __TI_decompress_none          
0000281b  CPUcpsie                      
00002827  ResetISR                      
00002835  __aeabi_errno_addr            
0000283d  _system_pre_init              
00002841  C$$EXIT                       
00002841  abort                         
00002844  _ctypes_                      
00002950  __TI_Handler_Table_Base       
0000295c  __TI_Handler_Table_Limit      
00002978  __TI_CINIT_Base               
00002990  __TI_CINIT_Limit              
20000000  g_pfnRAMVectors               
2000026c  errno                         
20000270  __stack                       
20000470  __STACK_TOP                   
20000670  __STACK_END                   
200006c4  falling                       
200006c8  overflow                      
200006cc  overflowTotal                 
200006d0  rising                        
200006d4  state                         
ffffffff  __TI_pprof_out_hndl           
ffffffff  __TI_prof_data_size           
ffffffff  __TI_prof_data_start          
ffffffff  __binit__                     
ffffffff  __c_args__                    
ffffffff  binit                         
UNDEFED   __mpu_init                    
UNDEFED   _system_post_cinit            

[102 symbols]
