******************************************************************************
                  TI ARM Linker PC v18.1.2                     
******************************************************************************
>> Linked Wed Oct 24 10:13:56 2018

OUTPUT FILE NAME:   <Lab8.out>
ENTRY POINT SYMBOL: "_c_int00_noargs"  address: 00002771


MEMORY CONFIGURATION

         name            origin    length      used     unused   attr    fill
----------------------  --------  ---------  --------  --------  ----  --------
  FLASH                 00000000   00040000  00002a75  0003d58b  R  X
  SRAM                  20000000   00008000  00000476  00007b8a  RW X


SEGMENT ALLOCATION MAP

run origin  load origin   length   init length attrs members
----------  ----------- ---------- ----------- ----- -------
00000000    00000000    00002a78   00002a78    r-x
  00000000    00000000    0000026c   0000026c    r-- .intvecs
  0000026c    0000026c    000026b8   000026b8    r-x .text
  00002924    00002924    00000109   00000109    r-- .const
  00002a30    00002a30    00000048   00000048    r-- .cinit
20000000    20000000    00000479   00000000    rw-
  20000000    20000000    00000400   00000000    rw- .stack
  20000400    20000400    00000055   00000000    rw- .bss
  20000458    20000458    00000021   00000000    rw- .data


SECTION ALLOCATION MAP

 output                                  attributes/
section   page    origin      length       input sections
--------  ----  ----------  ----------   ----------------
.intvecs   0    00000000    0000026c     
                  00000000    0000026c     tm4c123gh6pm_startup_ccs.obj (.intvecs)

.text      0    0000026c    000026b8     
                  0000026c    00000a5e     rtsv7M4_T_le_v4SPD16_eabi.lib : _printfi.c.obj (.text:__TI_printfi)
                  00000cca    00000002                                   : div0.asm.obj (.text)
                  00000ccc    000002ec     lcd.obj (.text)
                  00000fb8    0000028c     lab8_main.obj (.text)
                  00001244    00000270     rtsv7M4_T_le_v4SPD16_eabi.lib : _printfi.c.obj (.text:_pconv_a)
                  000014b4    000001d0                                   : _printfi.c.obj (.text:_pconv_g)
                  00001684    000001b6                                   : fd_add_t2.asm.obj (.text)
                  0000183a    00000002     --HOLE-- [fill = 0]
                  0000183c    00000158     timer.obj (.text)
                  00001994    0000013c     rtsv7M4_T_le_v4SPD16_eabi.lib : _printfi.c.obj (.text:_pconv_e)
                  00001ad0    00000136                                   : fd_div_t2.asm.obj (.text)
                  00001c06    00000002     --HOLE-- [fill = 0]
                  00001c08    00000120                                   : _printfi.c.obj (.text:fcvt)
                  00001d28    00000110                                   : s_scalbn.c.obj (.text:scalbn)
                  00001e38    00000100     button.obj (.text)
                  00001f38    000000fc     rtsv7M4_T_le_v4SPD16_eabi.lib : fd_mul_t2.asm.obj (.text)
                  00002034    000000b1                                   : _printfi.c.obj (.text:_ltostr)
                  000020e5    00000001     --HOLE-- [fill = 0]
                  000020e6    0000009c                                   : memcpy_t2.asm.obj (.text)
                  00002182    00000096                                   : ull_div_t2.asm.obj (.text)
                  00002218    00000086                                   : fd_cmp_t2.asm.obj (.text:__aeabi_cdcmple)
                  0000229e    00000086                                   : fd_cmp_t2.asm.obj (.text:__aeabi_cdrcmple)
                  00002324    0000007a                                   : memset_t2.asm.obj (.text)
                  0000239e    0000006e                                   : _printfi.c.obj (.text:_mcpy)
                  0000240c    00000068                                   : copy_decompress_lzss.c.obj (.text:decompress:lzss:__TI_decompress_lzss)
                  00002474    00000064                                   : s_frexp.c.obj (.text:frexp)
                  000024d8    00000056                                   : _printfi.c.obj (.text:_pconv_f)
                  0000252e    00000054                                   : ltoa.c.obj (.text:ltoa)
                  00002582    00000052                                   : _printfi.c.obj (.text:_ecpy)
                  000025d4    0000004c                                   : atoi.c.obj (.text:atoi)
                  00002620    00000048                                   : fd_toi_t2.asm.obj (.text)
                  00002668    00000044                                   : autoinit.c.obj (.text:__TI_auto_init_nobinit_nopinit:__TI_auto_init_nobinit_nopinit)
                  000026ac    00000044                                   : fd_tou_t2.asm.obj (.text)
                  000026f0    00000040                                   : vsnprintf.c.obj (.text:vsnprintf)
                  00002730    0000003e                                   : _printfi.c.obj (.text:_fcpy)
                  0000276e    00000002     --HOLE-- [fill = 0]
                  00002770    00000038                                   : boot_cortex_m.c.obj (.text:_c_int00_noargs:_c_int00_noargs)
                  000027a8    00000030                                   : vsnprintf.c.obj (.text:_outs)
                  000027d8    0000002e                                   : i_tofd_t2.asm.obj (.text)
                  00002806    00000020                                   : u_tofd_t2.asm.obj (.text)
                  00002826    0000001c                                   : memccpy.c.obj (.text:memccpy)
                  00002842    00000018                                   : vsnprintf.c.obj (.text:_outc)
                  0000285a    00000018                                   : strcmp.c.obj (.text:strcmp)
                  00002872    00000016                                   : strchr.c.obj (.text:strchr)
                  00002888    00000014                                   : s_copysign.c.obj (.text:copysign)
                  0000289c    00000014                                   : strcpy.c.obj (.text:strcpy)
                  000028b0    00000014                                   : strlen.c.obj (.text:strlen)
                  000028c4    00000012                                   : copy_zero_init.c.obj (.text:decompress:ZI:__TI_zero_init_nomemset:__TI_zero_init_nomemset)
                  000028d6    00000012                                   : wcslen.c.obj (.text:wcslen)
                  000028e8    00000010     lcd.obj (.text:lcd_clear)
                  000028f8    0000000e     rtsv7M4_T_le_v4SPD16_eabi.lib : copy_decompress_none.c.obj (.text:decompress:none:__TI_decompress_none)
                  00002906    0000000c     tm4c123gh6pm_startup_ccs.obj (.text)
                  00002912    00000002     --HOLE-- [fill = 0]
                  00002914    00000008     rtsv7M4_T_le_v4SPD16_eabi.lib : errno.c.obj (.text:__aeabi_errno_addr)
                  0000291c    00000004                                   : pre_init.c.obj (.text:_system_pre_init)
                  00002920    00000004                                   : exit.c.obj (.text:abort:abort)

.const     0    00002924    00000109     
                  00002924    00000101     rtsv7M4_T_le_v4SPD16_eabi.lib : ctype.c.obj (.const:.string:_ctypes_)
                  00002a25    00000004     lcd.obj (.const:.string:lineAddress$1)
                  00002a29    00000004     lcd.obj (.const:.string:lineAddresses$2)

.cinit     0    00002a30    00000048     
                  00002a30    0000001d     (.cinit..data.load) [load image, compression = lzss]
                  00002a4d    00000003     --HOLE-- [fill = 0]
                  00002a50    0000000c     (__TI_handler_table)
                  00002a5c    00000004     --HOLE-- [fill = 0]
                  00002a60    00000008     (.cinit..bss.load) [load image, compression = zero_init]
                  00002a68    00000010     (__TI_cinit_table)

.init_array 
*          0    00000000    00000000     UNINITIALIZED

.bss       0    20000400    00000055     UNINITIALIZED
                  20000400    00000054     lcd.obj (.bss:lastbuffer$3)
                  20000454    00000001     (.common:_prevButton)

.data      0    20000458    00000021     UNINITIALIZED
                  20000458    0000001c     lab8_main.obj (.data)
                  20000474    00000004     rtsv7M4_T_le_v4SPD16_eabi.lib : errno.c.obj (.data)
                  20000478    00000001     button.obj (.data)

.stack     0    20000000    00000400     UNINITIALIZED
                  20000000    00000004     rtsv7M4_T_le_v4SPD16_eabi.lib : boot_cortex_m.c.obj (.stack)
                  20000004    000003fc     --HOLE--

MODULE SUMMARY

       Module                         code   ro data   rw data
       ------                         ----   -------   -------
    .\
       lcd.obj                        764    8         84     
       lab8_main.obj                  652    0         28     
       tm4c123gh6pm_startup_ccs.obj   12     620       0      
       timer.obj                      344    0         0      
       button.obj                     256    0         2      
    +--+------------------------------+------+---------+---------+
       Total:                         2028   628       114    
                                                              
    C:\ti\ccsv8\tools\compiler\ti-cgt-arm_18.1.2.LTS\lib\rtsv7M4_T_le_v4SPD16_eabi.lib
       _printfi.c.obj                 4863   0         0      
       fd_add_t2.asm.obj              438    0         0      
       fd_div_t2.asm.obj              310    0         0      
       s_scalbn.c.obj                 272    0         0      
       fd_cmp_t2.asm.obj              268    0         0      
       ctype.c.obj                    0      257       0      
       fd_mul_t2.asm.obj              252    0         0      
       memcpy_t2.asm.obj              156    0         0      
       ull_div_t2.asm.obj             150    0         0      
       vsnprintf.c.obj                136    0         0      
       memset_t2.asm.obj              122    0         0      
       copy_decompress_lzss.c.obj     104    0         0      
       s_frexp.c.obj                  100    0         0      
       ltoa.c.obj                     84     0         0      
       atoi.c.obj                     76     0         0      
       fd_toi_t2.asm.obj              72     0         0      
       autoinit.c.obj                 68     0         0      
       fd_tou_t2.asm.obj              68     0         0      
       boot_cortex_m.c.obj            56     0         0      
       i_tofd_t2.asm.obj              46     0         0      
       u_tofd_t2.asm.obj              32     0         0      
       memccpy.c.obj                  28     0         0      
       strcmp.c.obj                   24     0         0      
       strchr.c.obj                   22     0         0      
       s_copysign.c.obj               20     0         0      
       strcpy.c.obj                   20     0         0      
       strlen.c.obj                   20     0         0      
       copy_zero_init.c.obj           18     0         0      
       wcslen.c.obj                   18     0         0      
       copy_decompress_none.c.obj     14     0         0      
       errno.c.obj                    8      0         4      
       exit.c.obj                     4      0         0      
       pre_init.c.obj                 4      0         0      
       div0.asm.obj                   2      0         0      
    +--+------------------------------+------+---------+---------+
       Total:                         7875   257       4      
                                                              
       Stack:                         0      0         1024   
       Linker Generated:              0      65        0      
    +--+------------------------------+------+---------+---------+
       Grand Total:                   9903   950       1142   


LINKER GENERATED COPY TABLES

__TI_cinit_table @ 00002a68 records: 2, size/record: 8, table size: 16
	.data: load addr=00002a30, load size=0000001d bytes, run addr=20000458, run size=00000021 bytes, compression=lzss
	.bss: load addr=00002a60, load size=00000008 bytes, run addr=20000400, run size=00000055 bytes, compression=zero_init


LINKER GENERATED HANDLER TABLE

__TI_handler_table @ 00002a50 records: 3, size/record: 4, table size: 12
	index: 0, handler: __TI_decompress_lzss
	index: 1, handler: __TI_decompress_none
	index: 2, handler: __TI_zero_init


GLOBAL SYMBOLS: SORTED ALPHABETICALLY BY Name 

address   name                          
-------   ----                          
00002921  C$$EXIT                       
00002907  ResetISR                      
20000400  __STACK_END                   
00000400  __STACK_SIZE                  
20000200  __STACK_TOP                   
00002a68  __TI_CINIT_Base               
00002a78  __TI_CINIT_Limit              
00002a50  __TI_Handler_Table_Base       
00002a5c  __TI_Handler_Table_Limit      
00002669  __TI_auto_init_nobinit_nopinit
0000240d  __TI_decompress_lzss          
000028f9  __TI_decompress_none          
ffffffff  __TI_pprof_out_hndl           
0000026d  __TI_printfi                  
ffffffff  __TI_prof_data_size           
ffffffff  __TI_prof_data_start          
00000000  __TI_static_base__            
000028c5  __TI_zero_init_nomemset       
00002219  __aeabi_cdcmpeq               
00002219  __aeabi_cdcmple               
0000229f  __aeabi_cdrcmple              
00002621  __aeabi_d2iz                  
000026ad  __aeabi_d2uiz                 
0000168f  __aeabi_dadd                  
00001ad1  __aeabi_ddiv                  
00001f39  __aeabi_dmul                  
00001685  __aeabi_dsub                  
00002915  __aeabi_errno_addr            
000027d9  __aeabi_i2d                   
00000ccb  __aeabi_idiv0                 
00000ccb  __aeabi_ldiv0                 
00002325  __aeabi_memclr                
00002325  __aeabi_memclr4               
00002325  __aeabi_memclr8               
000020e7  __aeabi_memcpy                
000020e7  __aeabi_memcpy4               
000020e7  __aeabi_memcpy8               
00002327  __aeabi_memset                
00002327  __aeabi_memset4               
00002327  __aeabi_memset8               
00002807  __aeabi_ui2d                  
00002183  __aeabi_uldivmod              
ffffffff  __binit__                     
ffffffff  __c_args__                    
UNDEFED   __mpu_init                    
20000000  __stack                       
00002771  _c_int00_noargs               
00002924  _ctypes_                      
20000454  _prevButton                   
UNDEFED   _system_post_cinit            
0000291d  _system_pre_init              
00002921  abort                         
000025d5  atoi                          
ffffffff  binit                         
00001e65  button_checkButtons           
00001e6f  button_getButton              
00001ecd  button_getButtonBlocking      
00001ee1  button_getButtonChange        
00001f0b  button_getButtonChangeBlocking
00001e39  button_init                   
00002889  copysign                      
00002889  copysignl                     
20000470  counter                       
20000460  currentDegree                 
20000468  degreeConverted               
20000474  errno                         
00002475  frexp                         
00002475  frexpl                        
00000000  g_pfnVectors                  
000028e9  lcd_clear                     
00000e65  lcd_gotoLine                  
00000ccd  lcd_init                      
00000ecb  lcd_printf                    
00000d8d  lcd_putc                      
00000dc5  lcd_puts                      
00000de3  lcd_sendCommand               
00000e21  lcd_sendNibble                
00000e8d  lcd_setCursorPos              
00001d29  ldexp                         
00001d29  ldexpl                        
0000252f  ltoa                          
000011a7  main                          
00002827  memccpy                       
000020e7  memcpy                        
0000232d  memset                        
2000045c  mid_width                     
0000105d  move_servo                    
20000458  pulse_period                  
00001d29  scalbn                        
00001d29  scalbnl                       
00000fb9  servo_init                    
00002873  strchr                        
0000285b  strcmp                        
0000289d  strcpy                        
000028b1  strlen                        
0000194d  timer_getClock                
00001901  timer_startClock              
0000189b  timer_startTimer              
00001953  timer_stopClock               
000018eb  timer_stopTimer               
00001871  timer_waitMicros              
0000183d  timer_waitMillis              
000026f1  vsnprintf                     
2000046c  wasPositive                   
000028d7  wcslen                        


GLOBAL SYMBOLS: SORTED BY Symbol Address 

address   name                          
-------   ----                          
00000000  __TI_static_base__            
00000000  g_pfnVectors                  
0000026d  __TI_printfi                  
00000400  __STACK_SIZE                  
00000ccb  __aeabi_idiv0                 
00000ccb  __aeabi_ldiv0                 
00000ccd  lcd_init                      
00000d8d  lcd_putc                      
00000dc5  lcd_puts                      
00000de3  lcd_sendCommand               
00000e21  lcd_sendNibble                
00000e65  lcd_gotoLine                  
00000e8d  lcd_setCursorPos              
00000ecb  lcd_printf                    
00000fb9  servo_init                    
0000105d  move_servo                    
000011a7  main                          
00001685  __aeabi_dsub                  
0000168f  __aeabi_dadd                  
0000183d  timer_waitMillis              
00001871  timer_waitMicros              
0000189b  timer_startTimer              
000018eb  timer_stopTimer               
00001901  timer_startClock              
0000194d  timer_getClock                
00001953  timer_stopClock               
00001ad1  __aeabi_ddiv                  
00001d29  ldexp                         
00001d29  ldexpl                        
00001d29  scalbn                        
00001d29  scalbnl                       
00001e39  button_init                   
00001e65  button_checkButtons           
00001e6f  button_getButton              
00001ecd  button_getButtonBlocking      
00001ee1  button_getButtonChange        
00001f0b  button_getButtonChangeBlocking
00001f39  __aeabi_dmul                  
000020e7  __aeabi_memcpy                
000020e7  __aeabi_memcpy4               
000020e7  __aeabi_memcpy8               
000020e7  memcpy                        
00002183  __aeabi_uldivmod              
00002219  __aeabi_cdcmpeq               
00002219  __aeabi_cdcmple               
0000229f  __aeabi_cdrcmple              
00002325  __aeabi_memclr                
00002325  __aeabi_memclr4               
00002325  __aeabi_memclr8               
00002327  __aeabi_memset                
00002327  __aeabi_memset4               
00002327  __aeabi_memset8               
0000232d  memset                        
0000240d  __TI_decompress_lzss          
00002475  frexp                         
00002475  frexpl                        
0000252f  ltoa                          
000025d5  atoi                          
00002621  __aeabi_d2iz                  
00002669  __TI_auto_init_nobinit_nopinit
000026ad  __aeabi_d2uiz                 
000026f1  vsnprintf                     
00002771  _c_int00_noargs               
000027d9  __aeabi_i2d                   
00002807  __aeabi_ui2d                  
00002827  memccpy                       
0000285b  strcmp                        
00002873  strchr                        
00002889  copysign                      
00002889  copysignl                     
0000289d  strcpy                        
000028b1  strlen                        
000028c5  __TI_zero_init_nomemset       
000028d7  wcslen                        
000028e9  lcd_clear                     
000028f9  __TI_decompress_none          
00002907  ResetISR                      
00002915  __aeabi_errno_addr            
0000291d  _system_pre_init              
00002921  C$$EXIT                       
00002921  abort                         
00002924  _ctypes_                      
00002a50  __TI_Handler_Table_Base       
00002a5c  __TI_Handler_Table_Limit      
00002a68  __TI_CINIT_Base               
00002a78  __TI_CINIT_Limit              
20000000  __stack                       
20000200  __STACK_TOP                   
20000400  __STACK_END                   
20000454  _prevButton                   
20000458  pulse_period                  
2000045c  mid_width                     
20000460  currentDegree                 
20000468  degreeConverted               
2000046c  wasPositive                   
20000470  counter                       
20000474  errno                         
ffffffff  __TI_pprof_out_hndl           
ffffffff  __TI_prof_data_size           
ffffffff  __TI_prof_data_start          
ffffffff  __binit__                     
ffffffff  __c_args__                    
ffffffff  binit                         
UNDEFED   __mpu_init                    
UNDEFED   _system_post_cinit            

[105 symbols]
